Component: ARM Compiler 5.06 update 5 (build 528) Tool: armlink [4d35e2]

==============================================================================

Section Cross References

    startup_stm32f407xx.o(STACK) refers (Special) to heapauxi.o(.text) for __use_two_region_memory
    startup_stm32f407xx.o(HEAP) refers (Special) to heapauxi.o(.text) for __use_two_region_memory
    startup_stm32f407xx.o(RESET) refers (Special) to heapauxi.o(.text) for __use_two_region_memory
    startup_stm32f407xx.o(RESET) refers to startup_stm32f407xx.o(STACK) for __initial_sp
    startup_stm32f407xx.o(RESET) refers to startup_stm32f407xx.o(.text) for Reset_Handler
    startup_stm32f407xx.o(RESET) refers to stm32f4xx_it.o(i.NMI_Handler) for NMI_Handler
    startup_stm32f407xx.o(RESET) refers to stm32f4xx_it.o(i.HardFault_Handler) for HardFault_Handler
    startup_stm32f407xx.o(RESET) refers to stm32f4xx_it.o(i.MemManage_Handler) for MemManage_Handler
    startup_stm32f407xx.o(RESET) refers to stm32f4xx_it.o(i.BusFault_Handler) for BusFault_Handler
    startup_stm32f407xx.o(RESET) refers to stm32f4xx_it.o(i.UsageFault_Handler) for UsageFault_Handler
    startup_stm32f407xx.o(RESET) refers to stm32f4xx_it.o(i.SVC_Handler) for SVC_Handler
    startup_stm32f407xx.o(RESET) refers to stm32f4xx_it.o(i.DebugMon_Handler) for DebugMon_Handler
    startup_stm32f407xx.o(RESET) refers to stm32f4xx_it.o(i.PendSV_Handler) for PendSV_Handler
    startup_stm32f407xx.o(RESET) refers to stm32f4xx_it.o(i.SysTick_Handler) for SysTick_Handler
    startup_stm32f407xx.o(.text) refers (Special) to heapauxi.o(.text) for __use_two_region_memory
    startup_stm32f407xx.o(.text) refers to system_stm32f4xx.o(i.SystemInit) for SystemInit
    startup_stm32f407xx.o(.text) refers to __main.o(!!!main) for __main
    startup_stm32f407xx.o(.text) refers to startup_stm32f407xx.o(HEAP) for Heap_Mem
    startup_stm32f407xx.o(.text) refers to startup_stm32f407xx.o(STACK) for Stack_Mem
    main.o(i.SystemClock_Config) refers to rt_memclr_w.o(.text) for __aeabi_memclr4
    main.o(i.SystemClock_Config) refers to stm32f4xx_hal_rcc.o(i.HAL_RCC_OscConfig) for HAL_RCC_OscConfig
    main.o(i.SystemClock_Config) refers to stm32f4xx_hal_rcc.o(i.HAL_RCC_ClockConfig) for HAL_RCC_ClockConfig
    main.o(i.main) refers to stm32f4xx_hal.o(i.HAL_Init) for HAL_Init
    main.o(i.main) refers to main.o(i.SystemClock_Config) for SystemClock_Config
    main.o(i.main) refers to gpio.o(i.MX_GPIO_Init) for MX_GPIO_Init
    main.o(i.main) refers to i2c.o(i.MX_I2C1_Init) for MX_I2C1_Init
    main.o(i.main) refers to i2c.o(i.MX_I2C2_Init) for MX_I2C2_Init
    main.o(i.main) refers to usart.o(i.MX_USART1_UART_Init) for MX_USART1_UART_Init
    main.o(i.main) refers to usart.o(i.MX_USART2_UART_Init) for MX_USART2_UART_Init
    main.o(i.main) refers to app_task.o(i.App_Init) for App_Init
    main.o(i.main) refers to app_task.o(i.App_Loop) for App_Loop
    gpio.o(i.MX_GPIO_Init) refers to rt_memclr_w.o(.text) for __aeabi_memclr4
    gpio.o(i.MX_GPIO_Init) refers to stm32f4xx_hal_gpio.o(i.HAL_GPIO_WritePin) for HAL_GPIO_WritePin
    gpio.o(i.MX_GPIO_Init) refers to stm32f4xx_hal_gpio.o(i.HAL_GPIO_Init) for HAL_GPIO_Init
    i2c.o(i.HAL_I2C_MspDeInit) refers to stm32f4xx_hal_gpio.o(i.HAL_GPIO_DeInit) for HAL_GPIO_DeInit
    i2c.o(i.HAL_I2C_MspInit) refers to rt_memclr_w.o(.text) for __aeabi_memclr4
    i2c.o(i.HAL_I2C_MspInit) refers to stm32f4xx_hal_gpio.o(i.HAL_GPIO_Init) for HAL_GPIO_Init
    i2c.o(i.MX_I2C1_Init) refers to stm32f4xx_hal_i2c.o(i.HAL_I2C_Init) for HAL_I2C_Init
    i2c.o(i.MX_I2C1_Init) refers to main.o(i.Error_Handler) for Error_Handler
    i2c.o(i.MX_I2C1_Init) refers to i2c.o(.bss) for .bss
    i2c.o(i.MX_I2C2_Init) refers to stm32f4xx_hal_i2c.o(i.HAL_I2C_Init) for HAL_I2C_Init
    i2c.o(i.MX_I2C2_Init) refers to main.o(i.Error_Handler) for Error_Handler
    i2c.o(i.MX_I2C2_Init) refers to i2c.o(.bss) for .bss
    usart.o(i.HAL_UART_MspDeInit) refers to stm32f4xx_hal_gpio.o(i.HAL_GPIO_DeInit) for HAL_GPIO_DeInit
    usart.o(i.HAL_UART_MspInit) refers to rt_memclr_w.o(.text) for __aeabi_memclr4
    usart.o(i.HAL_UART_MspInit) refers to stm32f4xx_hal_gpio.o(i.HAL_GPIO_Init) for HAL_GPIO_Init
    usart.o(i.MX_USART1_UART_Init) refers to stm32f4xx_hal_uart.o(i.HAL_UART_Init) for HAL_UART_Init
    usart.o(i.MX_USART1_UART_Init) refers to main.o(i.Error_Handler) for Error_Handler
    usart.o(i.MX_USART1_UART_Init) refers to usart.o(.bss) for .bss
    usart.o(i.MX_USART2_UART_Init) refers to stm32f4xx_hal_uart.o(i.HAL_UART_Init) for HAL_UART_Init
    usart.o(i.MX_USART2_UART_Init) refers to main.o(i.Error_Handler) for Error_Handler
    usart.o(i.MX_USART2_UART_Init) refers to usart.o(.bss) for .bss
    stm32f4xx_it.o(i.SysTick_Handler) refers to stm32f4xx_hal.o(i.HAL_IncTick) for HAL_IncTick
    app_task.o(i.App_Init) refers to gesture_engine.o(i.Gesture_Init) for Gesture_Init
    app_task.o(i.App_Init) refers to imu_service.o(i.IMU_Service_Init) for IMU_Service_Init
[...]
    i.Gesture_GetClassCode                   0x08002c84   Section        0  gesture_engine.o(i.Gesture_GetClassCode)
    i.Gesture_GetClassLabel                  0x08002c90   Section        0  gesture_engine.o(i.Gesture_GetClassLabel)
    i.Gesture_Init                           0x08002cc4   Section        0  gesture_engine.o(i.Gesture_Init)
    i.Gesture_Run                            0x08002d0c   Section        0  gesture_engine.o(i.Gesture_Run)
    i.HAL_Delay                              0x08002d3c   Section        0  stm32f4xx_hal.o(i.HAL_Delay)
    i.HAL_GPIO_Init                          0x08002d60   Section        0  stm32f4xx_hal_gpio.o(i.HAL_GPIO_Init)
    i.HAL_GPIO_TogglePin                     0x08002f50   Section        0  stm32f4xx_hal_gpio.o(i.HAL_GPIO_TogglePin)
    i.HAL_GPIO_WritePin                      0x08002f60   Section        0  stm32f4xx_hal_gpio.o(i.HAL_GPIO_WritePin)
    i.HAL_GetTick                            0x08002f6c   Section        0  stm32f4xx_hal.o(i.HAL_GetTick)
    i.HAL_I2C_Init                           0x08002f78   Section        0  stm32f4xx_hal_i2c.o(i.HAL_I2C_Init)
    i.HAL_I2C_IsDeviceReady                  0x080030f8   Section        0  stm32f4xx_hal_i2c.o(i.HAL_I2C_IsDeviceReady)
    i.HAL_I2C_Master_Transmit                0x0800324c   Section        0  stm32f4xx_hal_i2c.o(i.HAL_I2C_Master_Transmit)
    i.HAL_I2C_Mem_Read                       0x08003368   Section        0  stm32f4xx_hal_i2c.o(i.HAL_I2C_Mem_Read)
    i.HAL_I2C_Mem_Write                      0x0800355c   Section        0  stm32f4xx_hal_i2c.o(i.HAL_I2C_Mem_Write)
    i.HAL_I2C_MspInit                        0x0800367c   Section        0  i2c.o(i.HAL_I2C_MspInit)
    i.HAL_IncTick                            0x0800371c   Section        0  stm32f4xx_hal.o(i.HAL_IncTick)
    i.HAL_Init                               0x0800372c   Section        0  stm32f4xx_hal.o(i.HAL_Init)
    i.HAL_InitTick                           0x08003760   Section        0  stm32f4xx_hal.o(i.HAL_InitTick)
    i.HAL_MspInit                            0x080037a0   Section        0  stm32f4xx_hal_msp.o(i.HAL_MspInit)
    i.HAL_NVIC_SetPriority                   0x080037d0   Section        0  stm32f4xx_hal_cortex.o(i.HAL_NVIC_SetPriority)
    i.HAL_NVIC_SetPriorityGrouping           0x08003810   Section        0  stm32f4xx_hal_cortex.o(i.HAL_NVIC_SetPriorityGrouping)
    i.HAL_RCC_ClockConfig                    0x08003834   Section        0  stm32f4xx_hal_rcc.o(i.HAL_RCC_ClockConfig)
    i.HAL_RCC_GetPCLK1Freq                   0x08003968   Section        0  stm32f4xx_hal_rcc.o(i.HAL_RCC_GetPCLK1Freq)
    i.HAL_RCC_GetPCLK2Freq                   0x08003988   Section        0  stm32f4xx_hal_rcc.o(i.HAL_RCC_GetPCLK2Freq)
    i.HAL_RCC_GetSysClockFreq                0x080039a8   Section        0  stm32f4xx_hal_rcc.o(i.HAL_RCC_GetSysClockFreq)
    i.HAL_RCC_OscConfig                      0x08003a08   Section        0  stm32f4xx_hal_rcc.o(i.HAL_RCC_OscConfig)
    i.HAL_SYSTICK_Config                     0x08003d74   Section        0  stm32f4xx_hal_cortex.o(i.HAL_SYSTICK_Config)
    i.HAL_UART_Init                          0x08003d9c   Section        0  stm32f4xx_hal_uart.o(i.HAL_UART_Init)
    i.HAL_UART_MspInit                       0x08003df8   Section        0  usart.o(i.HAL_UART_MspInit)
    i.HAL_UART_Transmit                      0x08003e94   Section        0  stm32f4xx_hal_uart.o(i.HAL_UART_Transmit)
    i.HardFault_Handler                      0x08003f2c   Section        0  stm32f4xx_it.o(i.HardFault_Handler)
    i.I2C_IsAcknowledgeFailed                0x08003f2e   Section        0  stm32f4xx_hal_i2c.o(i.I2C_IsAcknowledgeFailed)
    I2C_IsAcknowledgeFailed                  0x08003f2f   Thumb Code    44  stm32f4xx_hal_i2c.o(i.I2C_IsAcknowledgeFailed)
    i.I2C_MasterRequestWrite                 0x08003f5c   Section        0  stm32f4xx_hal_i2c.o(i.I2C_MasterRequestWrite)
    I2C_MasterRequestWrite                   0x08003f5d   Thumb Code   150  stm32f4xx_hal_i2c.o(i.I2C_MasterRequestWrite)
    i.I2C_RequestMemoryRead                  0x08003ff8   Section        0  stm32f4xx_hal_i2c.o(i.I2C_RequestMemoryRead)
    I2C_RequestMemoryRead                    0x08003ff9   Thumb Code   246  stm32f4xx_hal_i2c.o(i.I2C_RequestMemoryRead)
    i.I2C_RequestMemoryWrite                 0x080040f4   Section        0  stm32f4xx_hal_i2c.o(i.I2C_RequestMemoryWrite)
    I2C_RequestMemoryWrite                   0x080040f5   Thumb Code   162  stm32f4xx_hal_i2c.o(i.I2C_RequestMemoryWrite)
    i.I2C_WaitOnBTFFlagUntilTimeout          0x0800419c   Section        0  stm32f4xx_hal_i2c.o(i.I2C_WaitOnBTFFlagUntilTimeout)
    I2C_WaitOnBTFFlagUntilTimeout            0x0800419d   Thumb Code    84  stm32f4xx_hal_i2c.o(i.I2C_WaitOnBTFFlagUntilTimeout)
    i.I2C_WaitOnFlagUntilTimeout             0x080041f0   Section        0  stm32f4xx_hal_i2c.o(i.I2C_WaitOnFlagUntilTimeout)
    I2C_WaitOnFlagUntilTimeout               0x080041f1   Thumb Code   144  stm32f4xx_hal_i2c.o(i.I2C_WaitOnFlagUntilTimeout)
    i.I2C_WaitOnMasterAddressFlagUntilTimeout 0x08004280   Section        0  stm32f4xx_hal_i2c.o(i.I2C_WaitOnMasterAddressFlagUntilTimeout)
    I2C_WaitOnMasterAddressFlagUntilTimeout  0x08004281   Thumb Code   182  stm32f4xx_hal_i2c.o(i.I2C_WaitOnMasterAddressFlagUntilTimeout)
    i.I2C_WaitOnRXNEFlagUntilTimeout         0x08004336   Section        0  stm32f4xx_hal_i2c.o(i.I2C_WaitOnRXNEFlagUntilTimeout)
    I2C_WaitOnRXNEFlagUntilTimeout           0x08004337   Thumb Code   102  stm32f4xx_hal_i2c.o(i.I2C_WaitOnRXNEFlagUntilTimeout)
    i.I2C_WaitOnTXEFlagUntilTimeout          0x0800439c   Section        0  stm32f4xx_hal_i2c.o(i.I2C_WaitOnTXEFlagUntilTimeout)
    I2C_WaitOnTXEFlagUntilTimeout            0x0800439d   Thumb Code    84  stm32f4xx_hal_i2c.o(i.I2C_WaitOnTXEFlagUntilTimeout)
    i.IMU_ReadFrame                          0x080043f0   Section        0  imu_service.o(i.IMU_ReadFrame)
    i.IMU_Service_Init                       0x080043f4   Section        0  imu_service.o(i.IMU_Service_Init)
    i.MPU6050_Init                           0x080043f8   Section        0  mpu6050.o(i.MPU6050_Init)
    i.MPU6050_ReadFrame                      0x08004450   Section        0  mpu6050.o(i.MPU6050_ReadFrame)
    i.MX_GPIO_Init                           0x08004580   Section        0  gpio.o(i.MX_GPIO_Init)
    i.MX_I2C1_Init                           0x08004648   Section        0  i2c.o(i.MX_I2C1_Init)
    i.MX_I2C2_Init                           0x08004688   Section        0  i2c.o(i.MX_I2C2_Init)
    i.MX_USART1_UART_Init                    0x080046c8   Section        0  usart.o(i.MX_USART1_UART_Init)
    i.MX_USART2_UART_Init                    0x08004700   Section        0  usart.o(i.MX_USART2_UART_Init)
    i.MemManage_Handler                      0x08004738   Section        0  stm32f4xx_it.o(i.MemManage_Handler)
    i.NMI_Handler                            0x0800473a   Section        0  stm32f4xx_it.o(i.NMI_Handler)
    i.OLED_Service_Init                      0x0800473c   Section        0  oled_service.o(i.OLED_Service_Init)
    i.OLED_ShowGesture                       0x08004740   Section        0  oled_service.o(i.OLED_ShowGesture)
    i.PendSV_Handler                         0x0800476c   Section        0  stm32f4xx_it.o(i.PendSV_Handler)
    i.SSD1306_Clear                          0x08004770   Section        0  ssd1306.o(i.SSD1306_Clear)
    i.SSD1306_DrawString                     0x08004780   Section        0  ssd1306.o(i.SSD1306_DrawString)
    i.SSD1306_Init                           0x080047f0   Section        0  ssd1306.o(i.SSD1306_Init)
    i.SSD1306_Update                         0x08004898   Section        0  ssd1306.o(i.SSD1306_Update)
    i.SVC_Handler                            0x0800490c   Section        0  stm32f4xx_it.o(i.SVC_Handler)
    i.SysTick_Handler                        0x0800490e   Section        0  stm32f4xx_it.o(i.SysTick_Handler)
    i.SystemClock_Config                     0x08004914   Section        0  main.o(i.SystemClock_Config)
    i.SystemInit                             0x080049ac   Section        0  system_stm32f4xx.o(i.SystemInit)
    i.UART_EndRxTransfer                     0x080049bc   Section        0  stm32f4xx_hal_uart.o(i.UART_EndRxTransfer)
    UART_EndRxTransfer                       0x080049bd   Thumb Code    76  stm32f4xx_hal_uart.o(i.UART_EndRxTransfer)
    i.UART_SetConfig                         0x08004a08   Section        0  stm32f4xx_hal_uart.o(i.UART_SetConfig)
    UART_SetConfig                           0x08004a09   Thumb Code   258  stm32f4xx_hal_uart.o(i.UART_SetConfig)
    i.UART_WaitOnFlagUntilTimeout            0x08004b14   Section        0  stm32f4xx_hal_uart.o(i.UART_WaitOnFlagUntilTimeout)
    UART_WaitOnFlagUntilTimeout              0x08004b15   Thumb Code   112  stm32f4xx_hal_uart.o(i.UART_WaitOnFlagUntilTimeout)
    i.UsageFault_Handler                     0x08004b84   Section        0  stm32f4xx_it.o(i.UsageFault_Handler)
    i.__ARM_fpclassify                       0x08004b86   Section        0  fpclassify.o(i.__ARM_fpclassify)
    i.__ARM_fpclassifyf                      0x08004bb6   Section        0  fpclassifyf.o(i.__ARM_fpclassifyf)
    i.__NVIC_SetPriority                     0x08004bdc   Section        0  stm32f4xx_hal_cortex.o(i.__NVIC_SetPriority)
    __NVIC_SetPriority                       0x08004bdd   Thumb Code    32  stm32f4xx_hal_cortex.o(i.__NVIC_SetPriority)
    i.__hardfp_expf                          0x08004bfc   Section        0  expf.o(i.__hardfp_expf)
    i.__mathlib_flt_infnan                   0x08004de4   Section        0  funder.o(i.__mathlib_flt_infnan)
    i.__mathlib_flt_overflow                 0x08004dec   Section        0  funder.o(i.__mathlib_flt_overflow)
    i.__mathlib_flt_underflow                0x08004dfc   Section        0  funder.o(i.__mathlib_flt_underflow)
    i._is_digit                              0x08004e0c   Section        0  __printf_wp.o(i._is_digit)
    i.gesture_classify_fallback              0x08004e1c   Section        0  gesture_engine.o(i.gesture_classify_fallback)
    gesture_classify_fallback                0x08004e1d   Thumb Code   200  gesture_engine.o(i.gesture_classify_fallback)
    i.gesture_classify_raw                   0x08004f00   Section        0  gesture_engine.o(i.gesture_classify_raw)
    gesture_classify_raw                     0x08004f01   Thumb Code   162  gesture_engine.o(i.gesture_classify_raw)
    i.glyph5x7                               0x08004fa8   Section        0  ssd1306.o(i.glyph5x7)
    glyph5x7                                 0x08004fa9   Thumb Code   256  ssd1306.o(i.glyph5x7)
    i.main                                   0x080050ac   Section        0  main.o(i.main)
    i.mpu6050_read_regs                      0x080050d4   Section        0  mpu6050.o(i.mpu6050_read_regs)
    mpu6050_read_regs                        0x080050d5   Thumb Code    30  mpu6050.o(i.mpu6050_read_regs)
    i.mpu6050_write_reg                      0x080050f8   Section        0  mpu6050.o(i.mpu6050_write_reg)
    mpu6050_write_reg                        0x080050f9   Thumb Code    38  mpu6050.o(i.mpu6050_write_reg)
    i.ssd1306_draw_pixel                     0x08005124   Section        0  ssd1306.o(i.ssd1306_draw_pixel)
    ssd1306_draw_pixel                       0x08005125   Thumb Code    52  ssd1306.o(i.ssd1306_draw_pixel)
    i.ssd1306_write_cmd                      0x0800515c   Section        0  ssd1306.o(i.ssd1306_write_cmd)
    ssd1306_write_cmd                        0x0800515d   Thumb Code    42  ssd1306.o(i.ssd1306_write_cmd)
    locale$$code                             0x08005190   Section       44  lc_numeric_c.o(locale$$code)
    x$fpl$dretinf                            0x080051bc   Section       12  dretinf.o(x$fpl$dretinf)
    $v0                                      0x080051bc   Number         0  dretinf.o(x$fpl$dretinf)
    x$fpl$f2d                                0x080051c8   Section       86  f2d.o(x$fpl$f2d)
    $v0                                      0x080051c8   Number         0  f2d.o(x$fpl$f2d)
    x$fpl$fnaninf                            0x0800521e   Section      140  fnaninf.o(x$fpl$fnaninf)
    $v0                                      0x0800521e   Number         0  fnaninf.o(x$fpl$fnaninf)
    x$fpl$fpinit                             0x080052aa   Section       10  fpinit.o(x$fpl$fpinit)
    $v0                                      0x080052aa   Number         0  fpinit.o(x$fpl$fpinit)
    x$fpl$printf1                            0x080052b4   Section        4  printf1.o(x$fpl$printf1)
    $v0                                      0x080052b4   Number         0  printf1.o(x$fpl$printf1)
    .constdata                               0x080052b8   Section      124  ssd1306.o(.constdata)
    x$fpl$usenofp                            0x080052b8   Section        0  usenofp.o(x$fpl$usenofp)
    g_colon                                  0x080052bc   Data           5  ssd1306.o(.constdata)
    g_under                                  0x080052c1   Data           5  ssd1306.o(.constdata)
    g_space                                  0x080052c6   Data           5  ssd1306.o(.constdata)
    A                                        0x080052cb   Data           5  ssd1306.o(.constdata)
    C                                        0x080052d0   Data           5  ssd1306.o(.constdata)
    E                                        0x080052d5   Data           5  ssd1306.o(.constdata)
    G                                        0x080052da   Data           5  ssd1306.o(.constdata)
    I                                        0x080052df   Data           5  ssd1306.o(.constdata)
    K                                        0x080052e4   Data           5  ssd1306.o(.constdata)
    L                                        0x080052e9   Data           5  ssd1306.o(.constdata)
    M                                        0x080052ee   Data           5  ssd1306.o(.constdata)
    N                                        0x080052f3   Data           5  ssd1306.o(.constdata)
    O                                        0x080052f8   Data           5  ssd1306.o(.constdata)
    R                                        0x080052fd   Data           5  ssd1306.o(.constdata)
    S                                        0x08005302   Data           5  ssd1306.o(.constdata)
    T                                        0x08005307   Data           5  ssd1306.o(.constdata)
    U                                        0x0800530c   Data           5  ssd1306.o(.constdata)
    W                                        0x08005311   Data           5  ssd1306.o(.constdata)
    e                                        0x08005316   Data           5  ssd1306.o(.constdata)
    g                                        0x0800531b   Data           5  ssd1306.o(.constdata)
    r                                        0x08005320   Data           5  ssd1306.o(.constdata)
    s                                        0x08005325   Data           5  ssd1306.o(.constdata)
    t                                        0x0800532a   Data           5  ssd1306.o(.constdata)
    u                                        0x0800532f   Data           5  ssd1306.o(.constdata)
    .constdata                               0x08005334   Section       16  system_stm32f4xx.o(.constdata)
    .constdata                               0x08005344   Section        8  system_stm32f4xx.o(.constdata)
    .constdata                               0x0800534c   Section       48  expf.o(.constdata)
    twotokover4top                           0x0800534c   Data          16  expf.o(.constdata)
    twotokover4bot                           0x0800535c   Data          16  expf.o(.constdata)
    twotokover4all                           0x0800536c   Data          16  expf.o(.constdata)
    .constdata                               0x0800537c   Section      148  bigflt0.o(.constdata)
    tenpwrs_x                                0x0800537c   Data          60  bigflt0.o(.constdata)
    tenpwrs_i                                0x080053b8   Data          64  bigflt0.o(.constdata)
    locale$$data                             0x080055c4   Section       28  lc_numeric_c.o(locale$$data)
    __lcnum_c_name                           0x080055c8   Data           2  lc_numeric_c.o(locale$$data)
    __lcnum_c_start                          0x080055d0   Data           0  lc_numeric_c.o(locale$$data)
    __lcnum_c_point                          0x080055dc   Data           0  lc_numeric_c.o(locale$$data)
    __lcnum_c_thousands                      0x080055de   Data           0  lc_numeric_c.o(locale$$data)
    __lcnum_c_grouping                       0x080055df   Data           0  lc_numeric_c.o(locale$$data)
    __lcnum_c_end                            0x080055e0   Data           0  lc_numeric_c.o(locale$$data)
    .data                                    0x20000000   Section       16  app_task.o(.data)
    s_last                                   0x20000000   Data           4  app_task.o(.data)
    t_sample                                 0x20000004   Data           4  app_task.o(.data)
    t_uart                                   0x20000008   Data           4  app_task.o(.data)
    t_oled                                   0x2000000c   Data           4  app_task.o(.data)
    .data                                    0x20000010   Section       12  control_logic.o(.data)
    s_ready_for_anom                         0x20000010   Data           1  control_logic.o(.data)
    s_cooldown_until                         0x20000014   Data           4  control_logic.o(.data)
    s_prev_gesture                           0x20000018   Data           4  control_logic.o(.data)
    .data                                    0x2000001c   Section       20  gesture_engine.o(.data)
    s_same_count                             0x2000001c   Data           1  gesture_engine.o(.data)
    s_neai_ready                             0x2000001d   Data           1  gesture_engine.o(.data)
    s_neai_learning_done                     0x2000001e   Data           1  gesture_engine.o(.data)
    s_neai_similarity                        0x2000001f   Data           1  gesture_engine.o(.data)
    s_raw_prev                               0x20000020   Data           4  gesture_engine.o(.data)
    s_stable                                 0x20000024   Data           4  gesture_engine.o(.data)
    s_class_code                             0x20000028   Data           4  gesture_engine.o(.data)
    s_startup_tick                           0x2000002c   Data           4  gesture_engine.o(.data)
    .data                                    0x20000030   Section       12  ssd1306.o(.data)
    s_oled_addr                              0x20000030   Data           2  ssd1306.o(.data)
    s_oled_bus_index                         0x20000034   Data           4  ssd1306.o(.data)
    s_oled_driver_type                       0x20000038   Data           4  ssd1306.o(.data)
    .data                                    0x2000003c   Section       12  stm32f4xx_hal.o(.data)
    .data                                    0x20000048   Section        4  system_stm32f4xx.o(.data)
    .bss                                     0x2000004c   Section      184  i2c.o(.bss)
    .bss                                     0x20000104   Section      160  usart.o(.bss)
    .bss                                     0x200001a4   Section       28  app_task.o(.bss)
    s_cache                                  0x200001a4   Data          28  app_task.o(.bss)
    .bss                                     0x200001c0   Section       28  gesture_engine.o(.bss)
    s_prev                                   0x200001c0   Data          28  gesture_engine.o(.bss)
    .bss                                     0x200001dc   Section     1024  ssd1306.o(.bss)
    s_oled_buf                               0x200001dc   Data        1024  ssd1306.o(.bss)
    .bss                                     0x200005dc   Section       96  libspace.o(.bss)
    g_initialized                            0x2000063c   Data           1  neai_entry.o(.bss.g_initialized)
    ipca_ctx                                 0x20000640   Data         408  neai_entry.o(.bss.ipca_ctx)
    preprocessing_ctx                        0x200007d8   Data         200  neai_entry.o(.bss.preprocessing_ctx)
    HEAP                                     0x200008a0   Section      512  startup_stm32f407xx.o(HEAP)
    Heap_Mem                                 0x200008a0   Data         512  startup_stm32f407xx.o(HEAP)
    STACK                                    0x20000aa0   Section     1024  startup_stm32f407xx.o(STACK)
    Stack_Mem                                0x20000aa0   Data        1024  startup_stm32f407xx.o(STACK)
    __initial_sp                             0x20000ea0   Data           0  startup_stm32f407xx.o(STACK)

    Global Symbols

    Symbol Name                              Value     Ov Type        Size  Object(Section)

    BuildAttributes$$THM_ISAv4$E$P$D$K$B$S$7EM$VFPi3$EXTD16$VFPS$VFMA$PE$A:L22UL41UL21$X:L11$S22US41US21$IEEE1$IW$USESV6$~STKCKD$USESV7$WCHAR32$ENUMINT$~SHL$OTIME$ROPI$IEEEX$EBA8$UX$STANDARDLIB$REQ8$PRES8$EABIv2 0x00000000   Number         0  anon$$obj.o ABSOLUTE
    __ARM_use_no_argv                        0x00000000   Number         0  main.o ABSOLUTE
    _printf_flags                            0x00000000   Number         0  printf_stubs.o ABSOLUTE
    _printf_return_value                     0x00000000   Number         0  printf_stubs.o ABSOLUTE
    _printf_sizespec                         0x00000000   Number         0  printf_stubs.o ABSOLUTE
    _printf_widthprec                        0x00000000   Number         0  printf_stubs.o ABSOLUTE
    __ARM_exceptions_init                     - Undefined Weak Reference
    __alloca_initialize                       - Undefined Weak Reference
    __arm_preinit_                            - Undefined Weak Reference
    __cpp_initialize__aeabi_                  - Undefined Weak Reference
    __cxa_finalize                            - Undefined Weak Reference
    __sigvec_lookup                           - Undefined Weak Reference
    _atexit_init                              - Undefined Weak Reference
    _call_atexit_fns                          - Undefined Weak Reference
    _clock_init                               - Undefined Weak Reference
    _fp_trap_init                             - Undefined Weak Reference
    _fp_trap_shutdown                         - Undefined Weak Reference
    _get_lc_collate                           - Undefined Weak Reference
    _get_lc_ctype                             - Undefined Weak Reference
    _get_lc_monetary                          - Undefined Weak Reference
    _get_lc_time                              - Undefined Weak Reference
    _getenv_init                              - Undefined Weak Reference
    _handle_redirection                       - Undefined Weak Reference
    _init_alloc                               - Undefined Weak Reference
    _init_user_alloc                          - Undefined Weak Reference
    _initio                                   - Undefined Weak Reference
    _printf_post_padding                      - Undefined Weak Reference
    _printf_pre_padding                       - Undefined Weak Reference
    _printf_truncate_signed                   - Undefined Weak Reference
    _printf_truncate_unsigned                 - Undefined Weak Reference
    _rand_init                                - Undefined Weak Reference
    _signal_finish                            - Undefined Weak Reference
    _signal_init                              - Undefined Weak Reference
    _terminate_alloc                          - Undefined Weak Reference
    _terminate_user_alloc                     - Undefined Weak Reference
    _terminateio                              - Undefined Weak Reference
    __Vectors_Size                           0x00000188   Number         0  startup_stm32f407xx.o ABSOLUTE
    __Vectors                                0x08000000   Data           4  startup_stm32f407xx.o(RESET)
    __Vectors_End                            0x08000188   Data           0  startup_stm32f407xx.o(RESET)
    __main                                   0x08000189   Thumb Code     8  __main.o(!!!main)
    __scatterload                            0x08000191   Thumb Code     0  __scatter.o(!!!scatter)
    __scatterload_rt2                        0x08000191   Thumb Code    44  __scatter.o(!!!scatter)
    __scatterload_rt2_thumb_only             0x08000191   Thumb Code     0  __scatter.o(!!!scatter)
    __scatterload_null                       0x0800019f   Thumb Code     0  __scatter.o(!!!scatter)
    __scatterload_copy                       0x080001c5   Thumb Code    26  __scatter_copy.o(!!handler_copy)
    __scatterload_zeroinit                   0x080001e1   Thumb Code    28  __scatter_zi.o(!!handler_zi)
    _printf_f                                0x080001fd   Thumb Code     0  _printf_f.o(.ARM.Collect$$_printf_percent$$00000003)
    _printf_percent                          0x080001fd   Thumb Code     0  _printf_percent.o(.ARM.Collect$$_printf_percent$$00000000)
    _printf_d                                0x08000203   Thumb Code     0  _printf_d.o(.ARM.Collect$$_printf_percent$$00000009)
    _printf_percent_end                      0x08000209   Thumb Code     0  _printf_percent_end.o(.ARM.Collect$$_printf_percent$$00000017)
    __rt_lib_init                            0x0800020d   Thumb Code     0  libinit.o(.ARM.Collect$$libinit$$00000000)
    __rt_lib_init_fp_1                       0x0800020f   Thumb Code     0  libinit2.o(.ARM.Collect$$libinit$$00000001)
    __rt_lib_init_heap_1                     0x08000213   Thumb Code     0  libinit2.o(.ARM.Collect$$libinit$$0000000A)
    __rt_lib_init_lc_common                  0x08000213   Thumb Code     0  libinit2.o(.ARM.Collect$$libinit$$0000000F)
    __rt_lib_init_preinit_1                  0x08000213   Thumb Code     0  libinit2.o(.ARM.Collect$$libinit$$00000004)
    __rt_lib_init_rand_1                     0x08000213   Thumb Code     0  libinit2.o(.ARM.Collect$$libinit$$0000000E)
    __rt_lib_init_user_alloc_1               0x08000213   Thumb Code     0  libinit2.o(.ARM.Collect$$libinit$$0000000C)
    __rt_lib_init_lc_collate_1               0x08000219   Thumb Code     0  libinit2.o(.ARM.Collect$$libinit$$00000011)
    __rt_lib_init_lc_ctype_1                 0x08000219   Thumb Code     0  libinit2.o(.ARM.Collect$$libinit$$00000013)
    __rt_lib_init_lc_monetary_1              0x08000219   Thumb Code     0  libinit2.o(.ARM.Collect$$libinit$$00000015)
    __rt_lib_init_lc_numeric_2               0x08000219   Thumb Code     0  libinit2.o(.ARM.Collect$$libinit$$00000016)
    __rt_lib_init_alloca_1                   0x08000223   Thumb Code     0  libinit2.o(.ARM.Collect$$libinit$$0000002E)
    __rt_lib_init_argv_1                     0x08000223   Thumb Code     0  libinit2.o(.ARM.Collect$$libinit$$0000002C)
    __rt_lib_init_atexit_1                   0x08000223   Thumb Code     0  libinit2.o(.ARM.Collect$$libinit$$0000001B)
    __rt_lib_init_clock_1                    0x08000223   Thumb Code     0  libinit2.o(.ARM.Collect$$libinit$$00000021)
    __rt_lib_init_cpp_1                      0x08000223   Thumb Code     0  libinit2.o(.ARM.Collect$$libinit$$00000032)
    __rt_lib_init_exceptions_1               0x08000223   Thumb Code     0  libinit2.o(.ARM.Collect$$libinit$$00000030)
    __rt_lib_init_fp_trap_1                  0x08000223   Thumb Code     0  libinit2.o(.ARM.Collect$$libinit$$0000001F)
    __rt_lib_init_getenv_1                   0x08000223   Thumb Code     0  libinit2.o(.ARM.Collect$$libinit$$00000023)
    __rt_lib_init_lc_numeric_1               0x08000223   Thumb Code     0  libinit2.o(.ARM.Collect$$libinit$$00000017)
    __rt_lib_init_lc_time_1                  0x08000223   Thumb Code     0  libinit2.o(.ARM.Collect$$libinit$$00000019)
    __rt_lib_init_return                     0x08000223   Thumb Code     0  libinit2.o(.ARM.Collect$$libinit$$00000033)
    __rt_lib_init_signal_1                   0x08000223   Thumb Code     0  libinit2.o(.ARM.Collect$$libinit$$0000001D)
    __rt_lib_init_stdio_1                    0x08000223   Thumb Code     0  libinit2.o(.ARM.Collect$$libinit$$00000025)
    __rt_lib_shutdown                        0x08000225   Thumb Code     0  libshutdown.o(.ARM.Collect$$libshutdown$$00000000)
    __rt_lib_shutdown_cpp_1                  0x08000227   Thumb Code     0  libshutdown2.o(.ARM.Collect$$libshutdown$$00000002)
    __rt_lib_shutdown_fp_trap_1              0x08000227   Thumb Code     0  libshutdown2.o(.ARM.Collect$$libshutdown$$00000007)
    __rt_lib_shutdown_heap_1                 0x08000227   Thumb Code     0  libshutdown2.o(.ARM.Collect$$libshutdown$$0000000F)
    __rt_lib_shutdown_return                 0x08000227   Thumb Code     0  libshutdown2.o(.ARM.Collect$$libshutdown$$00000010)
    __rt_lib_shutdown_signal_1               0x08000227   Thumb Code     0  libshutdown2.o(.ARM.Collect$$libshutdown$$0000000A)
    __rt_lib_shutdown_stdio_1                0x08000227   Thumb Code     0  libshutdown2.o(.ARM.Collect$$libshutdown$$00000004)
    __rt_lib_shutdown_user_alloc_1           0x08000227   Thumb Code     0  libshutdown2.o(.ARM.Collect$$libshutdown$$0000000C)
    __rt_entry                               0x08000229   Thumb Code     0  __rtentry.o(.ARM.Collect$$rtentry$$00000000)
    __rt_entry_presh_1                       0x08000229   Thumb Code     0  __rtentry2.o(.ARM.Collect$$rtentry$$00000002)
    __rt_entry_sh                            0x08000229   Thumb Code     0  __rtentry4.o(.ARM.Collect$$rtentry$$00000004)
    __rt_entry_li                            0x0800022f   Thumb Code     0  __rtentry2.o(.ARM.Collect$$rtentry$$0000000A)
    __rt_entry_postsh_1                      0x0800022f   Thumb Code     0  __rtentry2.o(.ARM.Collect$$rtentry$$00000009)
    __rt_entry_main                          0x08000233   Thumb Code     0  __rtentry2.o(.ARM.Collect$$rtentry$$0000000D)
    __rt_entry_postli_1                      0x08000233   Thumb Code     0  __rtentry2.o(.ARM.Collect$$rtentry$$0000000C)
    __rt_exit                                0x0800023b   Thumb Code     0  rtexit.o(.ARM.Collect$$rtexit$$00000000)
    __rt_exit_ls                             0x0800023d   Thumb Code     0  rtexit2.o(.ARM.Collect$$rtexit$$00000003)
    __rt_exit_prels_1                        0x0800023d   Thumb Code     0  rtexit2.o(.ARM.Collect$$rtexit$$00000002)
    __rt_exit_exit                           0x08000241   Thumb Code     0  rtexit2.o(.ARM.Collect$$rtexit$$00000004)
    Reset_Handler                            0x08000249   Thumb Code     8  startup_stm32f407xx.o(.text)
    ADC_IRQHandler                           0x08000263   Thumb Code     0  startup_stm32f407xx.o(.text)
    CAN1_RX0_IRQHandler                      0x08000263   Thumb Code     0  startup_stm32f407xx.o(.text)
    CAN1_RX1_IRQHandler                      0x08000263   Thumb Code     0  startup_stm32f407xx.o(.text)
    CAN1_SCE_IRQHandler                      0x08000263   Thumb Code     0  startup_stm32f407xx.o(.text)
    CAN1_TX_IRQHandler                       0x08000263   Thumb Code     0  startup_stm32f407xx.o(.text)
    CAN2_RX0_IRQHandler                      0x08000263   Thumb Code     0  startup_stm32f407xx.o(.text)
    CAN2_RX1_IRQHandler                      0x08000263   Thumb Code     0  startup_stm32f407xx.o(.text)
    CAN2_SCE_IRQHandler                      0x08000263   Thumb Code     0  startup_stm32f407xx.o(.text)
    CAN2_TX_IRQHandler                       0x08000263   Thumb Code     0  startup_stm32f407xx.o(.text)
    DCMI_IRQHandler                          0x08000263   Thumb Code     0  startup_stm32f407xx.o(.text)
    DMA1_Stream0_IRQHandler                  0x08000263   Thumb Code     0  startup_stm32f407xx.o(.text)
    DMA1_Stream1_IRQHandler                  0x08000263   Thumb Code     0  startup_stm32f407xx.o(.text)
    DMA1_Stream2_IRQHandler                  0x08000263   Thumb Code     0  startup_stm32f407xx.o(.text)
    DMA1_Stream3_IRQHandler                  0x08000263   Thumb Code     0  startup_stm32f407xx.o(.text)
    DMA1_Stream4_IRQHandler                  0x08000263   Thumb Code     0  startup_stm32f407xx.o(.text)
    DMA1_Stream5_IRQHandler                  0x08000263   Thumb Code     0  startup_stm32f407xx.o(.text)
    DMA1_Stream6_IRQHandler                  0x08000263   Thumb Code     0  startup_stm32f407xx.o(.text)
    DMA1_Stream7_IRQHandler                  0x08000263   Thumb Code     0  startup_stm32f407xx.o(.text)
    DMA2_Stream0_IRQHandler                  0x08000263   Thumb Code     0  startup_stm32f407xx.o(.text)
    DMA2_Stream1_IRQHandler                  0x08000263   Thumb Code     0  startup_stm32f407xx.o(.text)
    DMA2_Stream2_IRQHandler                  0x08000263   Thumb Code     0  startup_stm32f407xx.o(.text)
    DMA2_Stream3_IRQHandler                  0x08000263   Thumb Code     0  startup_stm32f407xx.o(.text)
    DMA2_Stream4_IRQHandler                  0x08000263   Thumb Code     0  startup_stm32f407xx.o(.text)
    DMA2_Stream5_IRQHandler                  0x08000263   Thumb Code     0  startup_stm32f407xx.o(.text)
    DMA2_Stream6_IRQHandler                  0x08000263   Thumb Code     0  startup_stm32f407xx.o(.text)
    DMA2_Stream7_IRQHandler                  0x08000263   Thumb Code     0  startup_stm32f407xx.o(.text)
    ETH_IRQHandler                           0x08000263   Thumb Code     0  startup_stm32f407xx.o(.text)
    ETH_WKUP_IRQHandler                      0x08000263   Thumb Code     0  startup_stm32f407xx.o(.text)
    EXTI0_IRQHandler                         0x08000263   Thumb Code     0  startup_stm32f407xx.o(.text)
    EXTI15_10_IRQHandler                     0x08000263   Thumb Code     0  startup_stm32f407xx.o(.text)
    EXTI1_IRQHandler                         0x08000263   Thumb Code     0  startup_stm32f407xx.o(.text)
    EXTI2_IRQHandler                         0x08000263   Thumb Code     0  startup_stm32f407xx.o(.text)
    EXTI3_IRQHandler                         0x08000263   Thumb Code     0  startup_stm32f407xx.o(.text)
    EXTI4_IRQHandler                         0x08000263   Thumb Code     0  startup_stm32f407xx.o(.text)
    EXTI9_5_IRQHandler                       0x08000263   Thumb Code     0  startup_stm32f407xx.o(.text)
    FLASH_IRQHandler                         0x08000263   Thumb Code     0  startup_stm32f407xx.o(.text)
    FMC_IRQHandler                           0x08000263   Thumb Code     0  startup_stm32f407xx.o(.text)
    FPU_IRQHandler                           0x08000263   Thumb Code     0  startup_stm32f407xx.o(.text)
    HASH_RNG_IRQHandler                      0x08000263   Thumb Code     0  startup_stm32f407xx.o(.text)
    I2C1_ER_IRQHandler                       0x08000263   Thumb Code     0  startup_stm32f407xx.o(.text)
    I2C1_EV_IRQHandler                       0x08000263   Thumb Code     0  startup_stm32f407xx.o(.text)
    I2C2_ER_IRQHandler                       0x08000263   Thumb Code     0  startup_stm32f407xx.o(.text)
    I2C2_EV_IRQHandler                       0x08000263   Thumb Code     0  startup_stm32f407xx.o(.text)
    I2C3_ER_IRQHandler                       0x08000263   Thumb Code     0  startup_stm32f407xx.o(.text)
    I2C3_EV_IRQHandler                       0x08000263   Thumb Code     0  startup_stm32f407xx.o(.text)
    OTG_FS_IRQHandler                        0x08000263   Thumb Code     0  startup_stm32f407xx.o(.text)
    OTG_FS_WKUP_IRQHandler                   0x08000263   Thumb Code     0  startup_stm32f407xx.o(.text)
    OTG_HS_EP1_IN_IRQHandler                 0x08000263   Thumb Code     0  startup_stm32f407xx.o(.text)
    OTG_HS_EP1_OUT_IRQHandler                0x08000263   Thumb Code     0  startup_stm32f407xx.o(.text)
    OTG_HS_IRQHandler                        0x08000263   Thumb Code     0  startup_stm32f407xx.o(.text)
    OTG_HS_WKUP_IRQHandler                   0x08000263   Thumb Code     0  startup_stm32f407xx.o(.text)
    PVD_IRQHandler                           0x08000263   Thumb Code     0  startup_stm32f407xx.o(.text)
    RCC_IRQHandler                           0x08000263   Thumb Code     0  startup_stm32f407xx.o(.text)
    RTC_Alarm_IRQHandler                     0x08000263   Thumb Code     0  startup_stm32f407xx.o(.text)
    RTC_WKUP_IRQHandler                      0x08000263   Thumb Code     0  startup_stm32f407xx.o(.text)
    SDIO_IRQHandler                          0x08000263   Thumb Code     0  startup_stm32f407xx.o(.text)
    SPI1_IRQHandler                          0x08000263   Thumb Code     0  startup_stm32f407xx.o(.text)
    SPI2_IRQHandler                          0x08000263   Thumb Code     0  startup_stm32f407xx.o(.text)
    SPI3_IRQHandler                          0x08000263   Thumb Code     0  startup_stm32f407xx.o(.text)
    TAMP_STAMP_IRQHandler                    0x08000263   Thumb Code     0  startup_stm32f407xx.o(.text)
    TIM1_BRK_TIM9_IRQHandler                 0x08000263   Thumb Code     0  startup_stm32f407xx.o(.text)
    TIM1_CC_IRQHandler                       0x08000263   Thumb Code     0  startup_stm32f407xx.o(.text)
    TIM1_TRG_COM_TIM11_IRQHandler            0x08000263   Thumb Code     0  startup_stm32f407xx.o(.text)
    TIM1_UP_TIM10_IRQHandler                 0x08000263   Thumb Code     0  startup_stm32f407xx.o(.text)
    TIM2_IRQHandler                          0x08000263   Thumb Code     0  startup_stm32f407xx.o(.text)
    TIM3_IRQHandler                          0x08000263   Thumb Code     0  startup_stm32f407xx.o(.text)
    TIM4_IRQHandler                          0x08000263   Thumb Code     0  startup_stm32f407xx.o(.text)
    TIM5_IRQHandler                          0x08000263   Thumb Code     0  startup_stm32f407xx.o(.text)
    TIM6_DAC_IRQHandler                      0x08000263   Thumb Code     0  startup_stm32f407xx.o(.text)
    TIM7_IRQHandler                          0x08000263   Thumb Code     0  startup_stm32f407xx.o(.text)
    TIM8_BRK_TIM12_IRQHandler                0x08000263   Thumb Code     0  startup_stm32f407xx.o(.text)
    TIM8_CC_IRQHandler                       0x08000263   Thumb Code     0  startup_stm32f407xx.o(.text)
    TIM8_TRG_COM_TIM14_IRQHandler            0x08000263   Thumb Code     0  startup_stm32f407xx.o(.text)
    TIM8_UP_TIM13_IRQHandler                 0x08000263   Thumb Code     0  startup_stm32f407xx.o(.text)
    UART4_IRQHandler                         0x08000263   Thumb Code     0  startup_stm32f407xx.o(.text)
    UART5_IRQHandler                         0x08000263   Thumb Code     0  startup_stm32f407xx.o(.text)
    USART1_IRQHandler                        0x08000263   Thumb Code     0  startup_stm32f407xx.o(.text)
    USART2_IRQHandler                        0x08000263   Thumb Code     0  startup_stm32f407xx.o(.text)
    USART3_IRQHandler                        0x08000263   Thumb Code     0  startup_stm32f407xx.o(.text)
    USART6_IRQHandler                        0x08000263   Thumb Code     0  startup_stm32f407xx.o(.text)
    WWDG_IRQHandler                          0x08000263   Thumb Code     0  startup_stm32f407xx.o(.text)
    __user_initial_stackheap                 0x08000265   Thumb Code     0  startup_stm32f407xx.o(.text)
    __aeabi_uldivmod                         0x08000289   Thumb Code     0  lludivv7m.o(.text)
    _ll_udiv                                 0x08000289   Thumb Code   238  lludivv7m.o(.text)
    __2snprintf                              0x08000379   Thumb Code    50  __2snprintf.o(.text)
    _printf_int_dec                          0x080003b1   Thumb Code   104  _printf_dec.o(.text)
    __printf                                 0x08000429   Thumb Code   270  __printf_wp.o(.text)
    strlen                                   0x08000537   Thumb Code    62  strlen.o(.text)
    __aeabi_memcpy                           0x08000575   Thumb Code     0  rt_memcpy_v6.o(.text)
    __rt_memcpy                              0x08000575   Thumb Code   138  rt_memcpy_v6.o(.text)
    _memcpy_lastbytes                        0x080005db   Thumb Code     0  rt_memcpy_v6.o(.text)
    __aeabi_memcpy4                          0x080005ff   Thumb Code     0  rt_memcpy_w.o(.text)
    __aeabi_memcpy8                          0x080005ff   Thumb Code     0  rt_memcpy_w.o(.text)
    __rt_memcpy_w                            0x080005ff   Thumb Code   100  rt_memcpy_w.o(.text)
    _memcpy_lastbytes_aligned                0x08000647   Thumb Code     0  rt_memcpy_w.o(.text)
    __aeabi_memclr                           0x08000663   Thumb Code     0  rt_memclr.o(.text)
    __rt_memclr                              0x08000663   Thumb Code    68  rt_memclr.o(.text)
    _memset                                  0x08000667   Thumb Code     0  rt_memclr.o(.text)
    __aeabi_memclr4                          0x080006a7   Thumb Code     0  rt_memclr_w.o(.text)
    __aeabi_memclr8                          0x080006a7   Thumb Code     0  rt_memclr_w.o(.text)
    __rt_memclr_w                            0x080006a7   Thumb Code    78  rt_memclr_w.o(.text)
    _memset_w                                0x080006ab   Thumb Code     0  rt_memclr_w.o(.text)
    __use_two_region_memory                  0x080006f5   Thumb Code     2  heapauxi.o(.text)
    __rt_heap_escrow$2region                 0x080006f7   Thumb Code     2  heapauxi.o(.text)
    __rt_heap_expand$2region                 0x080006f9   Thumb Code     2  heapauxi.o(.text)
    __read_errno                             0x080006fb   Thumb Code    10  _rserrno.o(.text)
    __set_errno                              0x08000705   Thumb Code    12  _rserrno.o(.text)
    _printf_int_common                       0x08000711   Thumb Code   178  _printf_intcommon.o(.text)
    __lib_sel_fp_printf                      0x080007c3   Thumb Code     2  _printf_fp_dec.o(.text)
    _printf_fp_dec_real                      0x08000975   Thumb Code   620  _printf_fp_dec.o(.text)
    _printf_char_common                      0x08000beb   Thumb Code    32  _printf_char_common.o(.text)
    _sputc                                   0x08000c11   Thumb Code    10  _sputc.o(.text)
    _snputc                                  0x08000c1b   Thumb Code    16  _snputc.o(.text)
    __rt_locale                              0x08000c2d   Thumb Code     8  rt_locale_intlibspace.o(.text)
    __aeabi_errno_addr                       0x08000c35   Thumb Code     8  rt_errno_addr_intlibspace.o(.text)
    __errno$intlibspace                      0x08000c35   Thumb Code     0  rt_errno_addr_intlibspace.o(.text)
    __rt_errno_addr$intlibspace              0x08000c35   Thumb Code     0  rt_errno_addr_intlibspace.o(.text)
    _ll_udiv10                               0x08000c3d   Thumb Code   138  lludiv10.o(.text)
    _printf_fp_infnan                        0x08000cc9   Thumb Code   112  _printf_fp_infnan.o(.text)
    _btod_etento                             0x08000d49   Thumb Code   224  bigflt0.o(.text)
    __user_libspace                          0x08000e2d   Thumb Code     8  libspace.o(.text)
    __user_perproc_libspace                  0x08000e2d   Thumb Code     0  libspace.o(.text)
    __user_perthread_libspace                0x08000e2d   Thumb Code     0  libspace.o(.text)
    __user_setup_stackheap                   0x08000e35   Thumb Code    74  sys_stackheap_outer.o(.text)
    exit                                     0x08000e7f   Thumb Code    18  exit.o(.text)
    strcmp                                   0x08000e91   Thumb Code   128  strcmpv7m.o(.text)
    _sys_exit                                0x08000f11   Thumb Code     8  sys_exit.o(.text)
    __I$use$semihosting                      0x08000f1d   Thumb Code     0  use_no_semi.o(.text)
    __use_no_semihosting_swi                 0x08000f1d   Thumb Code     2  use_no_semi.o(.text)
    __semihosting_library_function           0x08000f1f   Thumb Code     0  indicate_semi.o(.text)
    apply_feature_extraction_from_interleaved 0x08000f21   Thumb Code   282  feature_extraction.o(.text.apply_feature_extraction_from_interleaved)
    apply_pooling                            0x0800103d   Thumb Code   528  pooling.o(.text.apply_pooling)
    neai_arm_dot_prod_f32                    0x0800124d   Thumb Code   216  arm_dot_prod_f32.o(.text.arm_dot_prod_f32)
    neai_arm_power_f32                       0x08001329   Thumb Code   168  arm_power_f32.o(.text.arm_power_f32)
    neai_arm_scale_f32                       0x080013d5   Thumb Code   158  arm_scale_f32.o(.text.arm_scale_f32)
    compute_features                         0x08001475   Thumb Code    76  features.o(.text.compute_features)
    ipca_detect                              0x080014c1   Thumb Code  1344  ipca.o(.text.ipca_detect)
    ipca_init                                0x08001a15   Thumb Code    42  ipca.o(.text.ipca_init)
    ipca_learn                               0x08001a41   Thumb Code  1872  ipca.o(.text.ipca_learn)
    lm_dot_prod_f32                          0x08002195   Thumb Code     4  neai_math.o(.text.lm_dot_prod_f32)
    lm_norm2_f32                             0x08002199   Thumb Code    22  neai_math.o(.text.lm_norm2_f32)
    lm_power_f32                             0x080021b1   Thumb Code     4  neai_math.o(.text.lm_power_f32)
    lm_scale_f32                             0x080021b5   Thumb Code     4  neai_math.o(.text.lm_scale_f32)
    neai_anomalydetection_detect             0x080021b9   Thumb Code   152  neai_entry.o(.text.neai_anomalydetection_detect)
    neai_anomalydetection_init               0x08002259   Thumb Code    62  neai_entry.o(.text.neai_anomalydetection_init)
    neai_anomalydetection_learn              0x08002299   Thumb Code    64  neai_entry.o(.text.neai_anomalydetection_learn)
    preprocessing_chain_execute              0x080022d9   Thumb Code    44  preprocessing_chain.o(.text.preprocessing_chain_execute)
    preprocessing_context_init               0x08002305   Thumb Code     4  preproc_params.o(.text.preprocessing_context_init)
    _btod_d2e                                0x08002309   Thumb Code    62  btod.o(CL$$btod_d2e)
    _d2e_denorm_low                          0x08002347   Thumb Code    70  btod.o(CL$$btod_d2e_denorm_low)
    _d2e_norm_op1                            0x0800238d   Thumb Code    96  btod.o(CL$$btod_d2e_norm_op1)
    __btod_div_common                        0x080023ed   Thumb Code   696  btod.o(CL$$btod_div_common)
    _e2e                                     0x08002725   Thumb Code   220  btod.o(CL$$btod_e2e)
    _btod_ediv                               0x08002801   Thumb Code    42  btod.o(CL$$btod_ediv)
    _btod_emul                               0x0800282b   Thumb Code    42  btod.o(CL$$btod_emul)
    __btod_mult_common                       0x08002855   Thumb Code   580  btod.o(CL$$btod_mult_common)
    App_Init                                 0x08002a99   Thumb Code    22  app_task.o(i.App_Init)
    App_Loop                                 0x08002ab1   Thumb Code   110  app_task.o(i.App_Loop)
    BusFault_Handler                         0x08002b31   Thumb Code     2  stm32f4xx_it.o(i.BusFault_Handler)
    ControlLogic_Init                        0x08002b35   Thumb Code    22  control_logic.o(i.ControlLogic_Init)
    ControlLogic_OnGesture                   0x08002b55   Thumb Code    74  control_logic.o(i.ControlLogic_OnGesture)
    DebugMon_Handler                         0x08002ba9   Thumb Code     2  stm32f4xx_it.o(i.DebugMon_Handler)
    Error_Handler                            0x08002bab   Thumb Code     4  main.o(i.Error_Handler)
    FireWater_SendFrame                      0x08002bb1   Thumb Code   174  firewater.o(i.FireWater_SendFrame)
    Gesture_GetClassCode                     0x08002c85   Thumb Code     6  gesture_engine.o(i.Gesture_GetClassCode)
    Gesture_GetClassLabel                    0x08002c91   Thumb Code    22  gesture_engine.o(i.Gesture_GetClassLabel)
    Gesture_Init                             0x08002cc5   Thumb Code    60  gesture_engine.o(i.Gesture_Init)
    Gesture_Run                              0x08002d0d   Thumb Code    44  gesture_engine.o(i.Gesture_Run)
    HAL_Delay                                0x08002d3d   Thumb Code    32  stm32f4xx_hal.o(i.HAL_Delay)
    HAL_GPIO_Init                            0x08002d61   Thumb Code   450  stm32f4xx_hal_gpio.o(i.HAL_GPIO_Init)
    HAL_GPIO_TogglePin                       0x08002f51   Thumb Code    16  stm32f4xx_hal_gpio.o(i.HAL_GPIO_TogglePin)
    HAL_GPIO_WritePin                        0x08002f61   Thumb Code    10  stm32f4xx_hal_gpio.o(i.HAL_GPIO_WritePin)
    HAL_GetTick                              0x08002f6d   Thumb Code     6  stm32f4xx_hal.o(i.HAL_GetTick)
    HAL_I2C_Init                             0x08002f79   Thumb Code   368  stm32f4xx_hal_i2c.o(i.HAL_I2C_Init)
    HAL_I2C_IsDeviceReady                    0x080030f9   Thumb Code   332  stm32f4xx_hal_i2c.o(i.HAL_I2C_IsDeviceReady)
    HAL_I2C_Master_Transmit                  0x0800324d   Thumb Code   276  stm32f4xx_hal_i2c.o(i.HAL_I2C_Master_Transmit)
    HAL_I2C_Mem_Read                         0x08003369   Thumb Code   486  stm32f4xx_hal_i2c.o(i.HAL_I2C_Mem_Read)
    HAL_I2C_Mem_Write                        0x0800355d   Thumb Code   280  stm32f4xx_hal_i2c.o(i.HAL_I2C_Mem_Write)
    HAL_I2C_MspInit                          0x0800367d   Thumb Code   142  i2c.o(i.HAL_I2C_MspInit)
    HAL_IncTick                              0x0800371d   Thumb Code    12  stm32f4xx_hal.o(i.HAL_IncTick)
    HAL_Init                                 0x0800372d   Thumb Code    48  stm32f4xx_hal.o(i.HAL_Init)
    HAL_InitTick                             0x08003761   Thumb Code    54  stm32f4xx_hal.o(i.HAL_InitTick)
    HAL_MspInit                              0x080037a1   Thumb Code    42  stm32f4xx_hal_msp.o(i.HAL_MspInit)
    HAL_NVIC_SetPriority                     0x080037d1   Thumb Code    60  stm32f4xx_hal_cortex.o(i.HAL_NVIC_SetPriority)
    HAL_NVIC_SetPriorityGrouping             0x08003811   Thumb Code    26  stm32f4xx_hal_cortex.o(i.HAL_NVIC_SetPriorityGrouping)
    HAL_RCC_ClockConfig                      0x08003835   Thumb Code   288  stm32f4xx_hal_rcc.o(i.HAL_RCC_ClockConfig)
    HAL_RCC_GetPCLK1Freq                     0x08003969   Thumb Code    20  stm32f4xx_hal_rcc.o(i.HAL_RCC_GetPCLK1Freq)
    HAL_RCC_GetPCLK2Freq                     0x08003989   Thumb Code    20  stm32f4xx_hal_rcc.o(i.HAL_RCC_GetPCLK2Freq)
    HAL_RCC_GetSysClockFreq                  0x080039a9   Thumb Code    88  stm32f4xx_hal_rcc.o(i.HAL_RCC_GetSysClockFreq)
    HAL_RCC_OscConfig                        0x08003a09   Thumb Code   856  stm32f4xx_hal_rcc.o(i.HAL_RCC_OscConfig)
    HAL_SYSTICK_Config                       0x08003d75   Thumb Code    40  stm32f4xx_hal_cortex.o(i.HAL_SYSTICK_Config)
    HAL_UART_Init                            0x08003d9d   Thumb Code    90  stm32f4xx_hal_uart.o(i.HAL_UART_Init)
    HAL_UART_MspInit                         0x08003df9   Thumb Code   138  usart.o(i.HAL_UART_MspInit)
    HAL_UART_Transmit                        0x08003e95   Thumb Code   152  stm32f4xx_hal_uart.o(i.HAL_UART_Transmit)
    HardFault_Handler                        0x08003f2d   Thumb Code     2  stm32f4xx_it.o(i.HardFault_Handler)
    IMU_ReadFrame                            0x080043f1   Thumb Code     4  imu_service.o(i.IMU_ReadFrame)
    IMU_Service_Init                         0x080043f5   Thumb Code     4  imu_service.o(i.IMU_Service_Init)
    MPU6050_Init                             0x080043f9   Thumb Code    86  mpu6050.o(i.MPU6050_Init)
    MPU6050_ReadFrame                        0x08004451   Thumb Code   284  mpu6050.o(i.MPU6050_ReadFrame)
    MX_GPIO_Init                             0x08004581   Thumb Code   186  gpio.o(i.MX_GPIO_Init)
    MX_I2C1_Init                             0x08004649   Thumb Code    50  i2c.o(i.MX_I2C1_Init)
    MX_I2C2_Init                             0x08004689   Thumb Code    50  i2c.o(i.MX_I2C2_Init)
    MX_USART1_UART_Init                      0x080046c9   Thumb Code    48  usart.o(i.MX_USART1_UART_Init)
    MX_USART2_UART_Init                      0x08004701   Thumb Code    48  usart.o(i.MX_USART2_UART_Init)
    MemManage_Handler                        0x08004739   Thumb Code     2  stm32f4xx_it.o(i.MemManage_Handler)
    NMI_Handler                              0x0800473b   Thumb Code     2  stm32f4xx_it.o(i.NMI_Handler)
    OLED_Service_Init                        0x0800473d   Thumb Code     4  oled_service.o(i.OLED_Service_Init)
    OLED_ShowGesture                         0x08004741   Thumb Code    36  oled_service.o(i.OLED_ShowGesture)
    PendSV_Handler                           0x0800476d   Thumb Code     2  stm32f4xx_it.o(i.PendSV_Handler)
    SSD1306_Clear                            0x08004771   Thumb Code    10  ssd1306.o(i.SSD1306_Clear)
    SSD1306_DrawString                       0x08004781   Thumb Code   112  ssd1306.o(i.SSD1306_DrawString)
    SSD1306_Init                             0x080047f1   Thumb Code   126  ssd1306.o(i.SSD1306_Init)
    SSD1306_Update                           0x08004899   Thumb Code   102  ssd1306.o(i.SSD1306_Update)
    SVC_Handler                              0x0800490d   Thumb Code     2  stm32f4xx_it.o(i.SVC_Handler)
    SysTick_Handler                          0x0800490f   Thumb Code     4  stm32f4xx_it.o(i.SysTick_Handler)
    SystemClock_Config                       0x08004915   Thumb Code   142  main.o(i.SystemClock_Config)
    SystemInit                               0x080049ad   Thumb Code    12  system_stm32f4xx.o(i.SystemInit)
    UsageFault_Handler                       0x08004b85   Thumb Code     2  stm32f4xx_it.o(i.UsageFault_Handler)
    __ARM_fpclassify                         0x08004b87   Thumb Code    48  fpclassify.o(i.__ARM_fpclassify)
    __ARM_fpclassifyf                        0x08004bb7   Thumb Code    38  fpclassifyf.o(i.__ARM_fpclassifyf)
    __hardfp_expf                            0x08004bfd   Thumb Code   426  expf.o(i.__hardfp_expf)
    __mathlib_expf                           0x08004bfd   Thumb Code     0  expf.o(i.__hardfp_expf)
    __mathlib_flt_infnan                     0x08004de5   Thumb Code     6  funder.o(i.__mathlib_flt_infnan)
    __mathlib_flt_overflow                   0x08004ded   Thumb Code    10  funder.o(i.__mathlib_flt_overflow)
    __mathlib_flt_underflow                  0x08004dfd   Thumb Code    10  funder.o(i.__mathlib_flt_underflow)
    _is_digit                                0x08004e0d   Thumb Code    14  __printf_wp.o(i._is_digit)
    main                                     0x080050ad   Thumb Code    38  main.o(i.main)
    _get_lc_numeric                          0x08005191   Thumb Code    44  lc_numeric_c.o(locale$$code)
    __fpl_dretinf                            0x080051bd   Thumb Code    12  dretinf.o(x$fpl$dretinf)
    __aeabi_f2d                              0x080051c9   Thumb Code     0  f2d.o(x$fpl$f2d)
    _f2d                                     0x080051c9   Thumb Code    86  f2d.o(x$fpl$f2d)
    __fpl_fnaninf                            0x0800521f   Thumb Code   140  fnaninf.o(x$fpl$fnaninf)
    _fp_init                                 0x080052ab   Thumb Code    10  fpinit.o(x$fpl$fpinit)
    __fplib_config_fpu_vfp                   0x080052b3   Thumb Code     0  fpinit.o(x$fpl$fpinit)
    __fplib_config_pureend_doubles           0x080052b3   Thumb Code     0  fpinit.o(x$fpl$fpinit)
    _printf_fp_dec                           0x080052b5   Thumb Code     4  printf1.o(x$fpl$printf1)
    __I$use$fp                               0x080052b8   Number         0  usenofp.o(x$fpl$usenofp)
    AHBPrescTable                            0x08005334   Data          16  system_stm32f4xx.o(.constdata)
    APBPrescTable                            0x08005344   Data           8  system_stm32f4xx.o(.constdata)
    ipca_model_knowledge                     0x08005410   Data         404  ipca_model.o(.rodata.ipca_model_knowledge)
    Region$$Table$$Base                      0x080055a4   Number         0  anon$$obj.o(Region$$Table)
    preprocessing_params                     0x080055a4   Data           0  preproc_params.o(.rodata.preprocessing_params)
    Region$$Table$$Limit                     0x080055c4   Number         0  anon$$obj.o(Region$$Table)
    uwTickPrio                               0x2000003c   Data           4  stm32f4xx_hal.o(.data)
    uwTickFreq                               0x20000040   Data           4  stm32f4xx_hal.o(.data)
    uwTick                                   0x20000044   Data           4  stm32f4xx_hal.o(.data)
    SystemCoreClock                          0x20000048   Data           4  system_stm32f4xx.o(.data)
    hi2c1                                    0x2000004c   Data          92  i2c.o(.bss)
    hi2c2                                    0x200000a8   Data          92  i2c.o(.bss)
    huart1                                   0x20000104   Data          80  usart.o(.bss)
    huart2                                   0x20000154   Data          80  usart.o(.bss)
    __libspace_start                         0x200005dc   Data          96  libspace.o(.bss)
    __temporary_stack_top$libspace           0x2000063c   Data           0  libspace.o(.bss)



==============================================================================

Memory Map of the image

  Image Entry point : 0x08000189

  Load Region LR_IROM1 (Base: 0x08000000, Size: 0x0000562c, Max: 0x00100000, ABSOLUTE)

    Execution Region ER_IROM1 (Exec base: 0x08000000, Load base: 0x08000000, Size: 0x000055e0, Max: 0x00100000, ABSOLUTE)

    Exec Addr    Load Addr    Size         Type   Attr      Idx    E Section Name        Object

    0x08000000   0x08000000   0x00000188   Data   RO            3    RESET               startup_stm32f407xx.o
    0x08000188   0x08000188   0x00000008   Code   RO         2850  * !!!main             c_wu.l(__main.o)
    0x08000190   0x08000190   0x00000034   Code   RO         3119    !!!scatter          c_wu.l(__scatter.o)
    0x080001c4   0x080001c4   0x0000001a   Code   RO         3121    !!handler_copy      c_wu.l(__scatter_copy.o)
    0x080001de   0x080001de   0x00000002   PAD
    0x080001e0   0x080001e0   0x0000001c   Code   RO         3123    !!handler_zi        c_wu.l(__scatter_zi.o)
    0x080001fc   0x080001fc   0x00000000   Code   RO         2837    .ARM.Collect$$_printf_percent$$00000000  c_wu.l(_printf_percent.o)
    0x080001fc   0x080001fc   0x00000006   Code   RO         2836    .ARM.Collect$$_printf_percent$$00000003  c_wu.l(_printf_f.o)
    0x08000202   0x08000202   0x00000006   Code   RO         2835    .ARM.Collect$$_printf_percent$$00000009  c_wu.l(_printf_d.o)
    0x08000208   0x08000208   0x00000004   Code   RO         2887    .ARM.Collect$$_printf_percent$$00000017  c_wu.l(_printf_percent_end.o)
    0x0800020c   0x0800020c   0x00000002   Code   RO         2992    .ARM.Collect$$libinit$$00000000  c_wu.l(libinit.o)
    0x0800020e   0x0800020e   0x00000004   Code   RO         2993    .ARM.Collect$$libinit$$00000001  c_wu.l(libinit2.o)
    0x08000212   0x08000212   0x00000000   Code   RO         2996    .ARM.Collect$$libinit$$00000004  c_wu.l(libinit2.o)
    0x08000212   0x08000212   0x00000000   Code   RO         2999    .ARM.Collect$$libinit$$0000000A  c_wu.l(libinit2.o)
    0x08000212   0x08000212   0x00000000   Code   RO         3001    .ARM.Collect$$libinit$$0000000C  c_wu.l(libinit2.o)
    0x08000212   0x08000212   0x00000000   Code   RO         3003    .ARM.Collect$$libinit$$0000000E  c_wu.l(libinit2.o)
    0x08000212   0x08000212   0x00000006   Code   RO         3004    .ARM.Collect$$libinit$$0000000F  c_wu.l(libinit2.o)
    0x08000218   0x08000218   0x00000000   Code   RO         3006    .ARM.Collect$$libinit$$00000011  c_wu.l(libinit2.o)
    0x08000218   0x08000218   0x00000000   Code   RO         3008    .ARM.Collect$$libinit$$00000013  c_wu.l(libinit2.o)
    0x08000218   0x08000218   0x00000000   Code   RO         3010    .ARM.Collect$$libinit$$00000015  c_wu.l(libinit2.o)
    0x08000218   0x08000218   0x0000000a   Code   RO         3011    .ARM.Collect$$libinit$$00000016  c_wu.l(libinit2.o)
    0x08000222   0x08000222   0x00000000   Code   RO         3012    .ARM.Collect$$libinit$$00000017  c_wu.l(libinit2.o)
    0x08000222   0x08000222   0x00000000   Code   RO         3014    .ARM.Collect$$libinit$$00000019  c_wu.l(libinit2.o)
    0x08000222   0x08000222   0x00000000   Code   RO         3016    .ARM.Collect$$libinit$$0000001B  c_wu.l(libinit2.o)
    0x08000222   0x08000222   0x00000000   Code   RO         3018    .ARM.Collect$$libinit$$0000001D  c_wu.l(libinit2.o)
    0x08000222   0x08000222   0x00000000   Code   RO         3020    .ARM.Collect$$libinit$$0000001F  c_wu.l(libinit2.o)
    0x08000222   0x08000222   0x00000000   Code   RO         3022    .ARM.Collect$$libinit$$00000021  c_wu.l(libinit2.o)
    0x08000222   0x08000222   0x00000000   Code   RO         3024    .ARM.Collect$$libinit$$00000023  c_wu.l(libinit2.o)
    0x08000222   0x08000222   0x00000000   Code   RO         3026    .ARM.Collect$$libinit$$00000025  c_wu.l(libinit2.o)
    0x08000222   0x08000222   0x00000000   Code   RO         3030    .ARM.Collect$$libinit$$0000002C  c_wu.l(libinit2.o)
    0x08000222   0x08000222   0x00000000   Code   RO         3032    .ARM.Collect$$libinit$$0000002E  c_wu.l(libinit2.o)
    0x08000222   0x08000222   0x00000000   Code   RO         3034    .ARM.Collect$$libinit$$00000030  c_wu.l(libinit2.o)
    0x08000222   0x08000222   0x00000000   Code   RO         3036    .ARM.Collect$$libinit$$00000032  c_wu.l(libinit2.o)
    0x08000222   0x08000222   0x00000002   Code   RO         3037    .ARM.Collect$$libinit$$00000033  c_wu.l(libinit2.o)
    0x08000224   0x08000224   0x00000002   Code   RO         3084    .ARM.Collect$$libshutdown$$00000000  c_wu.l(libshutdown.o)
    0x08000226   0x08000226   0x00000000   Code   RO         3102    .ARM.Collect$$libshutdown$$00000002  c_wu.l(libshutdown2.o)
    0x08000226   0x08000226   0x00000000   Code   RO         3104    .ARM.Collect$$libshutdown$$00000004  c_wu.l(libshutdown2.o)
    0x08000226   0x08000226   0x00000000   Code   RO         3107    .ARM.Collect$$libshutdown$$00000007  c_wu.l(libshutdown2.o)
    0x08000226   0x08000226   0x00000000   Code   RO         3110    .ARM.Collect$$libshutdown$$0000000A  c_wu.l(libshutdown2.o)
    0x08000226   0x08000226   0x00000000   Code   RO         3112    .ARM.Collect$$libshutdown$$0000000C  c_wu.l(libshutdown2.o)
    0x08000226   0x08000226   0x00000000   Code   RO         3115    .ARM.Collect$$libshutdown$$0000000F  c_wu.l(libshutdown2.o)
    0x08000226   0x08000226   0x00000002   Code   RO         3116    .ARM.Collect$$libshutdown$$00000010  c_wu.l(libshutdown2.o)
    0x08000228   0x08000228   0x00000000   Code   RO         2870    .ARM.Collect$$rtentry$$00000000  c_wu.l(__rtentry.o)
    0x08000228   0x08000228   0x00000000   Code   RO         2912    .ARM.Collect$$rtentry$$00000002  c_wu.l(__rtentry2.o)
    0x08000228   0x08000228   0x00000006   Code   RO         2924    .ARM.Collect$$rtentry$$00000004  c_wu.l(__rtentry4.o)
    0x0800022e   0x0800022e   0x00000000   Code   RO         2914    .ARM.Collect$$rtentry$$00000009  c_wu.l(__rtentry2.o)
    0x0800022e   0x0800022e   0x00000004   Code   RO         2915    .ARM.Collect$$rtentry$$0000000A  c_wu.l(__rtentry2.o)
    0x08000232   0x08000232   0x00000000   Code   RO         2917    .ARM.Collect$$rtentry$$0000000C  c_wu.l(__rtentry2.o)
    0x08000232   0x08000232   0x00000008   Code   RO         2918    .ARM.Collect$$rtentry$$0000000D  c_wu.l(__rtentry2.o)
    0x0800023a   0x0800023a   0x00000002   Code   RO         3038    .ARM.Collect$$rtexit$$00000000  c_wu.l(rtexit.o)
    0x0800023c   0x0800023c   0x00000000   Code   RO         3053    .ARM.Collect$$rtexit$$00000002  c_wu.l(rtexit2.o)
    0x0800023c   0x0800023c   0x00000004   Code   RO         3054    .ARM.Collect$$rtexit$$00000003  c_wu.l(rtexit2.o)
    0x08000240   0x08000240   0x00000006   Code   RO         3055    .ARM.Collect$$rtexit$$00000004  c_wu.l(rtexit2.o)
    0x08000246   0x08000246   0x00000002   PAD
    0x08000248   0x08000248   0x00000040   Code   RO            4    .text               startup_stm32f407xx.o
    0x08000288   0x08000288   0x000000ee   Code   RO         2805    .text               c_wu.l(lludivv7m.o)
    0x08000376   0x08000376   0x00000002   PAD
    0x08000378   0x08000378   0x00000038   Code   RO         2807    .text               c_wu.l(__2snprintf.o)
    0x080003b0   0x080003b0   0x00000078   Code   RO         2813    .text               c_wu.l(_printf_dec.o)
    0x08000428   0x08000428   0x0000010e   Code   RO         2823    .text               c_wu.l(__printf_wp.o)
    0x08000536   0x08000536   0x0000003e   Code   RO         2838    .text               c_wu.l(strlen.o)
    0x08000574   0x08000574   0x0000008a   Code   RO         2840    .text               c_wu.l(rt_memcpy_v6.o)
    0x080005fe   0x080005fe   0x00000064   Code   RO         2842    .text               c_wu.l(rt_memcpy_w.o)
    0x08000662   0x08000662   0x00000044   Code   RO         2844    .text               c_wu.l(rt_memclr.o)
    0x080006a6   0x080006a6   0x0000004e   Code   RO         2846    .text               c_wu.l(rt_memclr_w.o)
    0x080006f4   0x080006f4   0x00000006   Code   RO         2848    .text               c_wu.l(heapauxi.o)
    0x080006fa   0x080006fa   0x00000016   Code   RO         2875    .text               c_wu.l(_rserrno.o)
    0x08000710   0x08000710   0x000000b2   Code   RO         2877    .text               c_wu.l(_printf_intcommon.o)
    0x080007c2   0x080007c2   0x0000041e   Code   RO         2879    .text               c_wu.l(_printf_fp_dec.o)
    0x08000be0   0x08000be0   0x00000030   Code   RO         2881    .text               c_wu.l(_printf_char_common.o)
    0x08000c10   0x08000c10   0x0000000a   Code   RO         2883    .text               c_wu.l(_sputc.o)
    0x08000c1a   0x08000c1a   0x00000010   Code   RO         2885    .text               c_wu.l(_snputc.o)
    0x08000c2a   0x08000c2a   0x00000002   PAD
    0x08000c2c   0x08000c2c   0x00000008   Code   RO         2931    .text               c_wu.l(rt_locale_intlibspace.o)
    0x08000c34   0x08000c34   0x00000008   Code   RO         2936    .text               c_wu.l(rt_errno_addr_intlibspace.o)
    0x08000c3c   0x08000c3c   0x0000008a   Code   RO         2938    .text               c_wu.l(lludiv10.o)
    0x08000cc6   0x08000cc6   0x00000002   PAD
    0x08000cc8   0x08000cc8   0x00000080   Code   RO         2940    .text               c_wu.l(_printf_fp_infnan.o)
    0x08000d48   0x08000d48   0x000000e4   Code   RO         2944    .text               c_wu.l(bigflt0.o)
    0x08000e2c   0x08000e2c   0x00000008   Code   RO         2974    .text               c_wu.l(libspace.o)
    0x08000e34   0x08000e34   0x0000004a   Code   RO         2977    .text               c_wu.l(sys_stackheap_outer.o)
    0x08000e7e   0x08000e7e   0x00000012   Code   RO         2979    .text               c_wu.l(exit.o)
    0x08000e90   0x08000e90   0x00000080   Code   RO         2985    .text               c_wu.l(strcmpv7m.o)
    0x08000f10   0x08000f10   0x0000000c   Code   RO         3050    .text               c_wu.l(sys_exit.o)
    0x08000f1c   0x08000f1c   0x00000002   Code   RO         3071    .text               c_wu.l(use_no_semi.o)
    0x08000f1e   0x08000f1e   0x00000000   Code   RO         3073    .text               c_wu.l(indicate_semi.o)
    0x08000f1e   0x08000f1e   0x00000002   PAD
    0x08000f20   0x08000f20   0x0000011a   Code   RO         2766    .text.apply_feature_extraction_from_interleaved  libneai.a(feature_extraction.o)
    0x0800103a   0x0800103a   0x00000002   PAD
    0x0800103c   0x0800103c   0x00000210   Code   RO         2782    .text.apply_pooling  libneai.a(pooling.o)
    0x0800124c   0x0800124c   0x000000dc   Code   RO         2788    .text.arm_dot_prod_f32  libneai.a(arm_dot_prod_f32.o)
    0x08001328   0x08001328   0x000000ac   Code   RO         2792    .text.arm_power_f32  libneai.a(arm_power_f32.o)
    0x080013d4   0x080013d4   0x0000009e   Code   RO         2796    .text.arm_scale_f32  libneai.a(arm_scale_f32.o)
    0x08001472   0x08001472   0x00000002   PAD
    0x08001474   0x08001474   0x0000004c   Code   RO         2800    .text.compute_features  libneai.a(features.o)
    0x080014c0   0x080014c0   0x00000554   Code   RO         2749    .text.ipca_detect   libneai.a(ipca.o)
    0x08001a14   0x08001a14   0x0000002a   Code   RO         2745    .text.ipca_init     libneai.a(ipca.o)
    0x08001a3e   0x08001a3e   0x00000002   PAD
    0x08001a40   0x08001a40   0x00000754   Code   RO         2747    .text.ipca_learn    libneai.a(ipca.o)
    0x08002194   0x08002194   0x00000004   Code   RO         2776    .text.lm_dot_prod_f32  libneai.a(neai_math.o)
    0x08002198   0x08002198   0x00000016   Code   RO         2778    .text.lm_norm2_f32  libneai.a(neai_math.o)
    0x080021ae   0x080021ae   0x00000002   PAD
    0x080021b0   0x080021b0   0x00000004   Code   RO         2772    .text.lm_power_f32  libneai.a(neai_math.o)
    0x080021b4   0x080021b4   0x00000004   Code   RO         2770    .text.lm_scale_f32  libneai.a(neai_math.o)
    0x080021b8   0x080021b8   0x000000a0   Code   RO         2730    .text.neai_anomalydetection_detect  libneai.a(neai_entry.o)
    0x08002258   0x08002258   0x0000003e   Code   RO         2726    .text.neai_anomalydetection_init  libneai.a(neai_entry.o)
    0x08002296   0x08002296   0x00000002   PAD
    0x08002298   0x08002298   0x00000040   Code   RO         2728    .text.neai_anomalydetection_learn  libneai.a(neai_entry.o)
    0x080022d8   0x080022d8   0x0000002c   Code   RO         2760    .text.preprocessing_chain_execute  libneai.a(preprocessing_chain.o)
    0x08002304   0x08002304   0x00000004   Code   RO         2755    .text.preprocessing_context_init  libneai.a(preproc_params.o)
    0x08002308   0x08002308   0x0000003e   Code   RO         2947    CL$$btod_d2e        c_wu.l(btod.o)
    0x08002346   0x08002346   0x00000046   Code   RO         2949    CL$$btod_d2e_denorm_low  c_wu.l(btod.o)
    0x0800238c   0x0800238c   0x00000060   Code   RO         2948    CL$$btod_d2e_norm_op1  c_wu.l(btod.o)
    0x080023ec   0x080023ec   0x00000338   Code   RO         2957    CL$$btod_div_common  c_wu.l(btod.o)
    0x08002724   0x08002724   0x000000dc   Code   RO         2954    CL$$btod_e2e        c_wu.l(btod.o)
    0x08002800   0x08002800   0x0000002a   Code   RO         2951    CL$$btod_ediv       c_wu.l(btod.o)
    0x0800282a   0x0800282a   0x0000002a   Code   RO         2950    CL$$btod_emul       c_wu.l(btod.o)
    0x08002854   0x08002854   0x00000244   Code   RO         2956    CL$$btod_mult_common  c_wu.l(btod.o)
    0x08002a98   0x08002a98   0x00000016   Code   RO          379    i.App_Init          app_task.o
    0x08002aae   0x08002aae   0x00000002   PAD
    0x08002ab0   0x08002ab0   0x00000080   Code   RO          380    i.App_Loop          app_task.o
    0x08002b30   0x08002b30   0x00000002   Code   RO          280    i.BusFault_Handler  stm32f4xx_it.o
    0x08002b32   0x08002b32   0x00000002   PAD
    0x08002b34   0x08002b34   0x00000020   Code   RO          430    i.ControlLogic_Init  control_logic.o
    0x08002b54   0x08002b54   0x00000054   Code   RO          431    i.ControlLogic_OnGesture  control_logic.o
    0x08002ba8   0x08002ba8   0x00000002   Code   RO          281    i.DebugMon_Handler  stm32f4xx_it.o
    0x08002baa   0x08002baa   0x00000004   Code   RO           13    i.Error_Handler     main.o
    0x08002bae   0x08002bae   0x00000002   PAD
    0x08002bb0   0x08002bb0   0x000000d4   Code   RO          462    i.FireWater_SendFrame  firewater.o
    0x08002c84   0x08002c84   0x0000000c   Code   RO          493    i.Gesture_GetClassCode  gesture_engine.o
    0x08002c90   0x08002c90   0x00000034   Code   RO          494    i.Gesture_GetClassLabel  gesture_engine.o
    0x08002cc4   0x08002cc4   0x00000048   Code   RO          495    i.Gesture_Init      gesture_engine.o
    0x08002d0c   0x08002d0c   0x00000030   Code   RO          497    i.Gesture_Run       gesture_engine.o
    0x08002d3c   0x08002d3c   0x00000024   Code   RO         2076    i.HAL_Delay         stm32f4xx_hal.o
    0x08002d60   0x08002d60   0x000001f0   Code   RO         1532    i.HAL_GPIO_Init     stm32f4xx_hal_gpio.o
    0x08002f50   0x08002f50   0x00000010   Code   RO         1535    i.HAL_GPIO_TogglePin  stm32f4xx_hal_gpio.o
    0x08002f60   0x08002f60   0x0000000a   Code   RO         1536    i.HAL_GPIO_WritePin  stm32f4xx_hal_gpio.o
    0x08002f6a   0x08002f6a   0x00000002   PAD
    0x08002f6c   0x08002f6c   0x0000000c   Code   RO         2082    i.HAL_GetTick       stm32f4xx_hal.o
    0x08002f78   0x08002f78   0x00000180   Code   RO          733    i.HAL_I2C_Init      stm32f4xx_hal_i2c.o
    0x080030f8   0x080030f8   0x00000154   Code   RO          734    i.HAL_I2C_IsDeviceReady  stm32f4xx_hal_i2c.o
    0x0800324c   0x0800324c   0x0000011c   Code   RO          746    i.HAL_I2C_Master_Transmit  stm32f4xx_hal_i2c.o
    0x08003368   0x08003368   0x000001f4   Code   RO          751    i.HAL_I2C_Mem_Read  stm32f4xx_hal_i2c.o
    0x0800355c   0x0800355c   0x00000120   Code   RO          754    i.HAL_I2C_Mem_Write  stm32f4xx_hal_i2c.o
    0x0800367c   0x0800367c   0x000000a0   Code   RO          185    i.HAL_I2C_MspInit   i2c.o
    0x0800371c   0x0800371c   0x00000010   Code   RO         2088    i.HAL_IncTick       stm32f4xx_hal.o
    0x0800372c   0x0800372c   0x00000034   Code   RO         2089    i.HAL_Init          stm32f4xx_hal.o
    0x08003760   0x08003760   0x00000040   Code   RO         2090    i.HAL_InitTick      stm32f4xx_hal.o
    0x080037a0   0x080037a0   0x00000030   Code   RO          355    i.HAL_MspInit       stm32f4xx_hal_msp.o
    0x080037d0   0x080037d0   0x00000040   Code   RO         1930    i.HAL_NVIC_SetPriority  stm32f4xx_hal_cortex.o
    0x08003810   0x08003810   0x00000024   Code   RO         1931    i.HAL_NVIC_SetPriorityGrouping  stm32f4xx_hal_cortex.o
    0x08003834   0x08003834   0x00000134   Code   RO         1178    i.HAL_RCC_ClockConfig  stm32f4xx_hal_rcc.o
    0x08003968   0x08003968   0x00000020   Code   RO         1185    i.HAL_RCC_GetPCLK1Freq  stm32f4xx_hal_rcc.o
    0x08003988   0x08003988   0x00000020   Code   RO         1186    i.HAL_RCC_GetPCLK2Freq  stm32f4xx_hal_rcc.o
    0x080039a8   0x080039a8   0x00000060   Code   RO         1187    i.HAL_RCC_GetSysClockFreq  stm32f4xx_hal_rcc.o
    0x08003a08   0x08003a08   0x0000036c   Code   RO         1190    i.HAL_RCC_OscConfig  stm32f4xx_hal_rcc.o
    0x08003d74   0x08003d74   0x00000028   Code   RO         1935    i.HAL_SYSTICK_Config  stm32f4xx_hal_cortex.o
    0x08003d9c   0x08003d9c   0x0000005a   Code   RO         2357    i.HAL_UART_Init     stm32f4xx_hal_uart.o
    0x08003df6   0x08003df6   0x00000002   PAD
    0x08003df8   0x08003df8   0x0000009c   Code   RO          233    i.HAL_UART_MspInit  usart.o
    0x08003e94   0x08003e94   0x00000098   Code   RO         2365    i.HAL_UART_Transmit  stm32f4xx_hal_uart.o
    0x08003f2c   0x08003f2c   0x00000002   Code   RO          282    i.HardFault_Handler  stm32f4xx_it.o
    0x08003f2e   0x08003f2e   0x0000002c   Code   RO          776    i.I2C_IsAcknowledgeFailed  stm32f4xx_hal_i2c.o
    0x08003f5a   0x08003f5a   0x00000002   PAD
    0x08003f5c   0x08003f5c   0x0000009c   Code   RO          780    i.I2C_MasterRequestWrite  stm32f4xx_hal_i2c.o
    0x08003ff8   0x08003ff8   0x000000fc   Code   RO          786    i.I2C_RequestMemoryRead  stm32f4xx_hal_i2c.o
    0x080040f4   0x080040f4   0x000000a8   Code   RO          787    i.I2C_RequestMemoryWrite  stm32f4xx_hal_i2c.o
    0x0800419c   0x0800419c   0x00000054   Code   RO          791    i.I2C_WaitOnBTFFlagUntilTimeout  stm32f4xx_hal_i2c.o
    0x080041f0   0x080041f0   0x00000090   Code   RO          792    i.I2C_WaitOnFlagUntilTimeout  stm32f4xx_hal_i2c.o
    0x08004280   0x08004280   0x000000b6   Code   RO          793    i.I2C_WaitOnMasterAddressFlagUntilTimeout  stm32f4xx_hal_i2c.o
    0x08004336   0x08004336   0x00000066   Code   RO          794    i.I2C_WaitOnRXNEFlagUntilTimeout  stm32f4xx_hal_i2c.o
    0x0800439c   0x0800439c   0x00000054   Code   RO          795    i.I2C_WaitOnTXEFlagUntilTimeout  stm32f4xx_hal_i2c.o
    0x080043f0   0x080043f0   0x00000004   Code   RO          570    i.IMU_ReadFrame     imu_service.o
    0x080043f4   0x080043f4   0x00000004   Code   RO          571    i.IMU_Service_Init  imu_service.o
    0x080043f8   0x080043f8   0x00000056   Code   RO          615    i.MPU6050_Init      mpu6050.o
    0x0800444e   0x0800444e   0x00000002   PAD
    0x08004450   0x08004450   0x00000130   Code   RO          616    i.MPU6050_ReadFrame  mpu6050.o
    0x08004580   0x08004580   0x000000c8   Code   RO          160    i.MX_GPIO_Init      gpio.o
    0x08004648   0x08004648   0x00000040   Code   RO          186    i.MX_I2C1_Init      i2c.o
    0x08004688   0x08004688   0x00000040   Code   RO          187    i.MX_I2C2_Init      i2c.o
    0x080046c8   0x080046c8   0x00000038   Code   RO          234    i.MX_USART1_UART_Init  usart.o
    0x08004700   0x08004700   0x00000038   Code   RO          235    i.MX_USART2_UART_Init  usart.o
    0x08004738   0x08004738   0x00000002   Code   RO          283    i.MemManage_Handler  stm32f4xx_it.o
    0x0800473a   0x0800473a   0x00000002   Code   RO          284    i.NMI_Handler       stm32f4xx_it.o
    0x0800473c   0x0800473c   0x00000004   Code   RO          591    i.OLED_Service_Init  oled_service.o
    0x08004740   0x08004740   0x0000002c   Code   RO          592    i.OLED_ShowGesture  oled_service.o
    0x0800476c   0x0800476c   0x00000002   Code   RO          285    i.PendSV_Handler    stm32f4xx_it.o
    0x0800476e   0x0800476e   0x00000002   PAD
    0x08004770   0x08004770   0x00000010   Code   RO          655    i.SSD1306_Clear     ssd1306.o
    0x08004780   0x08004780   0x00000070   Code   RO          656    i.SSD1306_DrawString  ssd1306.o
    0x080047f0   0x080047f0   0x000000a8   Code   RO          658    i.SSD1306_Init      ssd1306.o
    0x08004898   0x08004898   0x00000074   Code   RO          659    i.SSD1306_Update    ssd1306.o
    0x0800490c   0x0800490c   0x00000002   Code   RO          286    i.SVC_Handler       stm32f4xx_it.o
    0x0800490e   0x0800490e   0x00000004   Code   RO          287    i.SysTick_Handler   stm32f4xx_it.o
    0x08004912   0x08004912   0x00000002   PAD
    0x08004914   0x08004914   0x00000098   Code   RO           14    i.SystemClock_Config  main.o
    0x080049ac   0x080049ac   0x00000010   Code   RO         2691    i.SystemInit        system_stm32f4xx.o
    0x080049bc   0x080049bc   0x0000004c   Code   RO         2380    i.UART_EndRxTransfer  stm32f4xx_hal_uart.o
    0x08004a08   0x08004a08   0x0000010c   Code   RO         2383    i.UART_SetConfig    stm32f4xx_hal_uart.o
    0x08004b14   0x08004b14   0x00000070   Code   RO         2386    i.UART_WaitOnFlagUntilTimeout  stm32f4xx_hal_uart.o
    0x08004b84   0x08004b84   0x00000002   Code   RO          288    i.UsageFault_Handler  stm32f4xx_it.o
    0x08004b86   0x08004b86   0x00000030   Code   RO         2972    i.__ARM_fpclassify  m_wm.l(fpclassify.o)
    0x08004bb6   0x08004bb6   0x00000026   Code   RO         2895    i.__ARM_fpclassifyf  m_wm.l(fpclassifyf.o)
    0x08004bdc   0x08004bdc   0x00000020   Code   RO         1937    i.__NVIC_SetPriority  stm32f4xx_hal_cortex.o
    0x08004bfc   0x08004bfc   0x000001e8   Code   RO         2856    i.__hardfp_expf     m_wm.l(expf.o)
    0x08004de4   0x08004de4   0x00000006   Code   RO         2898    i.__mathlib_flt_infnan  m_wm.l(funder.o)
    0x08004dea   0x08004dea   0x00000002   PAD
    0x08004dec   0x08004dec   0x00000010   Code   RO         2901    i.__mathlib_flt_overflow  m_wm.l(funder.o)
    0x08004dfc   0x08004dfc   0x00000010   Code   RO         2903    i.__mathlib_flt_underflow  m_wm.l(funder.o)
    0x08004e0c   0x08004e0c   0x0000000e   Code   RO         2825    i._is_digit         c_wu.l(__printf_wp.o)
    0x08004e1a   0x08004e1a   0x00000002   PAD
    0x08004e1c   0x08004e1c   0x000000e4   Code   RO          499    i.gesture_classify_fallback  gesture_engine.o
    0x08004f00   0x08004f00   0x000000a8   Code   RO          500    i.gesture_classify_raw  gesture_engine.o
    0x08004fa8   0x08004fa8   0x00000104   Code   RO          660    i.glyph5x7          ssd1306.o
    0x080050ac   0x080050ac   0x00000026   Code   RO           15    i.main              main.o
    0x080050d2   0x080050d2   0x00000002   PAD
    0x080050d4   0x080050d4   0x00000024   Code   RO          617    i.mpu6050_read_regs  mpu6050.o
    0x080050f8   0x080050f8   0x0000002c   Code   RO          618    i.mpu6050_write_reg  mpu6050.o
    0x08005124   0x08005124   0x00000038   Code   RO          661    i.ssd1306_draw_pixel  ssd1306.o
    0x0800515c   0x0800515c   0x00000034   Code   RO          662    i.ssd1306_write_cmd  ssd1306.o
    0x08005190   0x08005190   0x0000002c   Code   RO         2970    locale$$code        c_wu.l(lc_numeric_c.o)
    0x080051bc   0x080051bc   0x0000000c   Code   RO         2888    x$fpl$dretinf       fz_wm.l(dretinf.o)
    0x080051c8   0x080051c8   0x00000056   Code   RO         2852    x$fpl$f2d           fz_wm.l(f2d.o)
    0x0800521e   0x0800521e   0x0000008c   Code   RO         2890    x$fpl$fnaninf       fz_wm.l(fnaninf.o)
    0x080052aa   0x080052aa   0x0000000a   Code   RO         3048    x$fpl$fpinit        fz_wm.l(fpinit.o)
    0x080052b4   0x080052b4   0x00000004   Code   RO         2854    x$fpl$printf1       fz_wm.l(printf1.o)
    0x080052b8   0x080052b8   0x00000000   Code   RO         2894    x$fpl$usenofp       fz_wm.l(usenofp.o)
    0x080052b8   0x080052b8   0x0000007c   Data   RO          664    .constdata          ssd1306.o
    0x08005334   0x08005334   0x00000010   Data   RO         2692    .constdata          system_stm32f4xx.o
    0x08005344   0x08005344   0x00000008   Data   RO         2693    .constdata          system_stm32f4xx.o
    0x0800534c   0x0800534c   0x00000030   Data   RO         2859    .constdata          m_wm.l(expf.o)
    0x0800537c   0x0800537c   0x00000094   Data   RO         2945    .constdata          c_wu.l(bigflt0.o)
    0x08005410   0x08005410   0x00000194   Data   RO         2753    .rodata.ipca_model_knowledge  libneai.a(ipca_model.o)
    0x080055a4   0x080055a4   0x00000000   Data   RO         2757    .rodata.preprocessing_params  libneai.a(preproc_params.o)
    0x080055a4   0x080055a4   0x00000020   Data   RO         3117    Region$$Table       anon$$obj.o
    0x080055c4   0x080055c4   0x0000001c   Data   RO         2969    locale$$data        c_wu.l(lc_numeric_c.o)


    Execution Region RW_IRAM1 (Exec base: 0x20000000, Load base: 0x080055e0, Size: 0x00000ea0, Max: 0x00020000, ABSOLUTE)

    Exec Addr    Load Addr    Size         Type   Attr      Idx    E Section Name        Object

    0x20000000   0x080055e0   0x00000010   Data   RW          382    .data               app_task.o
    0x20000010   0x080055f0   0x0000000c   Data   RW          432    .data               control_logic.o
    0x2000001c   0x080055fc   0x00000014   Data   RW          502    .data               gesture_engine.o
    0x20000030   0x08005610   0x0000000c   Data   RW          665    .data               ssd1306.o
    0x2000003c   0x0800561c   0x0000000c   Data   RW         2096    .data               stm32f4xx_hal.o
    0x20000048   0x08005628   0x00000004   Data   RW         2694    .data               system_stm32f4xx.o
    0x2000004c        -       0x000000b8   Zero   RW          188    .bss                i2c.o
    0x20000104        -       0x000000a0   Zero   RW          236    .bss                usart.o
    0x200001a4        -       0x0000001c   Zero   RW          381    .bss                app_task.o
    0x200001c0        -       0x0000001c   Zero   RW          501    .bss                gesture_engine.o
    0x200001dc        -       0x00000400   Zero   RW          663    .bss                ssd1306.o
    0x200005dc        -       0x00000060   Zero   RW         2975    .bss                c_wu.l(libspace.o)
    0x2000063c        -       0x00000001   Zero   RW         2740    .bss.g_initialized  libneai.a(neai_entry.o)
    0x2000063d   0x0800562c   0x00000003   PAD
    0x20000640        -       0x00000198   Zero   RW         2739    .bss.ipca_ctx       libneai.a(neai_entry.o)
    0x200007d8        -       0x000000c8   Zero   RW         2738    .bss.preprocessing_ctx  libneai.a(neai_entry.o)
    0x200008a0        -       0x00000200   Zero   RW            2    HEAP                startup_stm32f407xx.o
    0x20000aa0        -       0x00000400   Zero   RW            1    STACK               startup_stm32f407xx.o


==============================================================================

Image component sizes


      Code (inc. data)   RO Data    RW Data    ZI Data      Debug   Object Name

       150         18          0         16         28       1998   app_task.o
       116         20          0         12          0       1485   control_logic.o
       212         38          0          0          0       1502   firewater.o
       580         86          0         20         28       5884   gesture_engine.o
       200         14          0          0          0       1067   gpio.o
       288         46          0          0        184       2470   i2c.o
         8          0          0          0          0       1407   imu_service.o
       194         10          0          0          0     667992   main.o
       470         32          0          0          0       3619   mpu6050.o
        48          8          0          0          0       1131   oled_service.o
       780         86        124         12       1024       7413   ssd1306.o
        64         26        392          0       1536        872   startup_stm32f407xx.o
       180         28          0         12          0       9625   stm32f4xx_hal.o
       172         14          0          0          0      33266   stm32f4xx_hal_cortex.o
       522         46          0          0          0       2949   stm32f4xx_hal_gpio.o
      3012         72          0          0          0      17036   stm32f4xx_hal_i2c.o
        48          6          0          0          0        914   stm32f4xx_hal_msp.o
      1344         72          0          0          0       5420   stm32f4xx_hal_rcc.o
       698         10          0          0          0       4988   stm32f4xx_hal_uart.o
        20          0          0          0          0       4406   stm32f4xx_it.o
        16          4         24          4          0       1211   system_stm32f4xx.o
       268         34          0          0        160       2531   usart.o

    ----------------------------------------------------------------------
      9410        670        572         76       2960     779186   Object Totals
         0          0         32          0          0          0   (incl. Generated)
        20          0          0          0          0          0   (incl. Padding)

    ----------------------------------------------------------------------

      Code (inc. data)   RO Data    RW Data    ZI Data      Debug   Library Member Name

        56          6          0          0          0         88   __2snprintf.o
         8          0          0          0          0         68   __main.o
       284          0          0          0          0        156   __printf_wp.o
         0          0          0          0          0          0   __rtentry.o
        12          0          0          0          0          0   __rtentry2.o
         6          0          0          0          0          0   __rtentry4.o
        52          8          0          0          0          0   __scatter.o
        26          0          0          0          0          0   __scatter_copy.o
        28          0          0          0          0          0   __scatter_zi.o
        48          6          0          0          0         96   _printf_char_common.o
         6          0          0          0          0          0   _printf_d.o
       120         16          0          0          0         92   _printf_dec.o
         6          0          0          0          0          0   _printf_f.o
      1054          0          0          0          0        216   _printf_fp_dec.o
       128         16          0          0          0         84   _printf_fp_infnan.o
       178          0          0          0          0         88   _printf_intcommon.o
         0          0          0          0          0          0   _printf_percent.o
         4          0          0          0          0          0   _printf_percent_end.o
        22          0          0          0          0        100   _rserrno.o
        16          0          0          0          0         68   _snputc.o
        10          0          0          0          0         68   _sputc.o
       228          4        148          0          0         96   bigflt0.o
      1936        128          0          0          0        672   btod.o
        18          0          0          0          0         80   exit.o
         6          0          0          0          0        152   heapauxi.o
         0          0          0          0          0          0   indicate_semi.o
        44         10         28          0          0         76   lc_numeric_c.o
         2          0          0          0          0          0   libinit.o
        22          0          0          0          0          0   libinit2.o
         2          0          0          0          0          0   libshutdown.o
         2          0          0          0          0          0   libshutdown2.o
         8          4          0          0         96         68   libspace.o
       138          0          0          0          0         80   lludiv10.o
       238          0          0          0          0        100   lludivv7m.o
         8          4          0          0          0         68   rt_errno_addr_intlibspace.o
         8          4          0          0          0         68   rt_locale_intlibspace.o
        68          0          0          0          0         68   rt_memclr.o
        78          0          0          0          0         80   rt_memclr_w.o
       138          0          0          0          0         68   rt_memcpy_v6.o
       100          0          0          0          0         80   rt_memcpy_w.o
         2          0          0          0          0          0   rtexit.o
        10          0          0          0          0          0   rtexit2.o
       128          0          0          0          0         68   strcmpv7m.o
        62          0          0          0          0         76   strlen.o
        12          4          0          0          0         68   sys_exit.o
        74          0          0          0          0         80   sys_stackheap_outer.o
         2          0          0          0          0         68   use_no_semi.o
        12          0          0          0          0        116   dretinf.o
        86          4          0          0          0        132   f2d.o
       140          4          0          0          0        132   fnaninf.o
        10          0          0          0          0        116   fpinit.o
         4          0          0          0          0        116   printf1.o
         0          0          0          0          0          0   usenofp.o
       220          4          0          0          0         36   arm_dot_prod_f32.o
       172          4          0          0          0         36   arm_power_f32.o
       158          0          0          0          0         36   arm_scale_f32.o
       282          0          0          0          0        100   feature_extraction.o
        76          0          0          0          0         36   features.o
      3282         60          0          0          0        208   ipca.o
         0          0        404          0          0          0   ipca_model.o
       286          8          0          0        609        140   neai_entry.o
        34          0          0          0          0        108   neai_math.o
       528          0          0          0          0         84   pooling.o
         4          0          0          0          0         36   preproc_params.o
        44          0          0          0          0         52   preprocessing_chain.o
       488         62         48          0          0        236   expf.o
        48          0          0          0          0        124   fpclassify.o
        38          0          0          0          0        116   fpclassifyf.o
        38         12          0          0          0        348   funder.o

    ----------------------------------------------------------------------
     11374        368        628          0        708       5548   Library Totals
        26          0          0          0          3          0   (incl. Padding)

    ----------------------------------------------------------------------

      Code (inc. data)   RO Data    RW Data    ZI Data      Debug   Library Name

      5398        210        176          0         96       3240   c_wu.l
       252          8          0          0          0        612   fz_wm.l
      5086         76        404          0        609        872   libneai.a
       612         74         48          0          0        824   m_wm.l

    ----------------------------------------------------------------------
     11374        368        628          0        708       5548   Library Totals

    ----------------------------------------------------------------------

==============================================================================


      Code (inc. data)   RO Data    RW Data    ZI Data      Debug   

     20784       1038       1200         76       3668     774214   Grand Totals
     20784       1038       1200         76       3668     774214   ELF Image Totals
     20784       1038       1200         76          0          0   ROM Totals

==============================================================================

    Total RO  Size (Code + RO Data)                21984 (  21.47kB)
    Total RW  Size (RW Data + ZI Data)              3744 (   3.66kB)
    Total ROM Size (Code + RO Data + RW Data)      22060 (  21.54kB)

==============================================================================

